<html>
<body>
<pre>
<h1>µVision Build Log</h1>
<h2>Tool Versions:</h2>
IDE-Version: £gVision V5.20.0.0
Copyright (C) 2016 ARM Ltd and ARM Germany GmbH. All rights reserved.
License Information: abcd forks def Flex license: MDK-ARM Professional: 10 user(s) (mdk_pro) Operation stops: 31 May 2017
 
Tool Versions:
Toolchain:       MDK-ARM Professional: 10 user(s)  Version: 5.20
Toolchain Path:  C:\Keil_v5\ARM\ARMCC\Bin
C Compiler:      Armcc.exe V5.06 update 2 (build 183)
Assembler:       Armasm.exe V5.06 update 2 (build 183)
Linker/Locator:  ArmLink.exe V5.06 update 2 (build 183)
Library Manager: ArmAr.exe V5.06 update 2 (build 183)
Hex Converter:   FromElf.exe V5.06 update 2 (build 183)
CPU DLL:         SARMCM3.DLL V5.20
Dialog DLL:      DARMCM1.DLL V1.14.0.0
Target DLL:      Segger\JL2CM3.dll V2.99.20.0
Dialog DLL:      TARMCM1.DLL V1.10.0.0
 
<h2>Project:</h2>
D:\MCU\FA8239\NUC100BSPv3\SampleCode\FreeRTOS\Demo\CORTEX_M0_Infineon_XMC1000_IAR_Keil_GCC\RTOSDemo.uvproj
Project File Date:  05/19/2016

<h2>Output:</h2>
*** Using Compiler 'V5.06 update 2 (build 183)', folder: 'C:\Keil_v5\ARM\ARMCC\Bin'
Rebuild target 'XMC1300'
assembling startup_XMC1000.s...
compiling list.c...
compiling timers.c...
compiling heap_4.c...
compiling port.c...
compiling queue.c...
compiling main.c...
assembling RegTest_Keil.s...
compiling main-blinky.c...
compiling main-full.c...
compiling tasks.c...
compiling system_XMC1300.c...
compiling dynamic.c...
compiling recmutex.c...
compiling QueueOverwrite.c...
compiling blocktim.c...
compiling countsem.c...
compiling QueueSet.c...
compiling ParTest_XMC1300.c...
linking...
Program Size: Code=9940 RO-data=76 RW-data=116 ZI-data=12424  
".\Output\RTOSDemo.axf" - 0 Error(s), 0 Warning(s).
Build Time Elapsed:  00:00:01
</pre>
</body>
</html>
