Component: ARM Compiler 5.06 update 2 (build 183) Tool: armlink [4d35b7]

==============================================================================

Section Cross References

    startup_xmc1000.o(STACK) refers (Special) to heapauxi.o(.text) for __use_two_region_memory
    startup_xmc1000.o(HEAP) refers (Special) to heapauxi.o(.text) for __use_two_region_memory
    startup_xmc1000.o(RESET) refers (Special) to heapauxi.o(.text) for __use_two_region_memory
    startup_xmc1000.o(RESET) refers to startup_xmc1000.o(STACK) for __initial_sp
    startup_xmc1000.o(RESET) refers to startup_xmc1000.o(.text) for Reset_Handler
    startup_xmc1000.o(.text) refers (Special) to heapauxi.o(.text) for __use_two_region_memory
    startup_xmc1000.o(.text) refers to startup_xmc1000.o(STACK) for __initial_sp
    startup_xmc1000.o(.text) refers to system_xmc1300.o(.text) for SystemInit
    startup_xmc1000.o(.text) refers to __main.o(!!!main) for __main
    startup_xmc1000.o(.text) refers to startup_xmc1000.o(HEAP) for Heap_Mem
    startup_xmc1000.o(.ARM.__at_0x20000000) refers (Special) to heapauxi.o(.text) for __use_two_region_memory
    startup_xmc1000.o(.ARM.__at_0x20000000) refers to startup_xmc1000.o(.text) for HardFault_Handler
    startup_xmc1000.o(.ARM.__at_0x20000000) refers to port.o(.emb_text) for PendSV_Handler
    startup_xmc1000.o(.ARM.__at_0x20000000) refers to port.o(.text) for SysTick_Handler
    system_xmc1300.o(.text) refers to startup_xmc1000.o(.text) for AllowClkInitByStartup
    system_xmc1300.o(.text) refers to aeabi_sdiv.o(.text) for __aeabi_uidivmod
    system_xmc1300.o(.text) refers to system_xmc1300.o(.data) for .data
    timers.o(.text) refers to list.o(.text) for vListInsert
    timers.o(.text) refers to tasks.o(.text) for xTaskGetSchedulerState
    timers.o(.text) refers to queue.o(.text) for xQueueGenericSend
    timers.o(.text) refers to port.o(.text) for vPortEnterCritical
    timers.o(.text) refers to heap_4.o(.text) for pvPortMalloc
    timers.o(.text) refers to timers.o(i.__ARM_common_switch8) for __ARM_common_switch8
    timers.o(.text) refers to timers.o(.data) for .data
    timers.o(.text) refers to timers.o(.bss) for .bss
    queue.o(.text) refers to port.o(.text) for vPortEnterCritical
    queue.o(.text) refers to list.o(.text) for vListInitialise
    queue.o(.text) refers to tasks.o(.text) for xTaskRemoveFromEventList
    queue.o(.text) refers to heap_4.o(.text) for pvPortMalloc
    queue.o(.text) refers to rt_memcpy.o(.text) for __aeabi_memcpy
    queue.o(.text) refers to port.o(.emb_text) for ulSetInterruptMaskFromISR
    queue.o(.text) refers to queue.o(.bss) for .bss
    tasks.o(.text) refers to port.o(.text) for vPortEnterCritical
    tasks.o(.text) refers to list.o(.text) for vListInitialise
    tasks.o(.text) refers to heap_4.o(.text) for pvPortMalloc
    tasks.o(.text) refers to main.o(.text) for vApplicationTickHook
    tasks.o(.text) refers to tasks.o(.data) for .data
    tasks.o(.text) refers to tasks.o(.bss) for .bss
    tasks.o(.text) refers to port.o(.emb_text) for ulSetInterruptMaskFromISR
    tasks.o(.text) refers to timers.o(.text) for xTimerCreateTimerTask
    tasks.o(.text) refers to timers.o(i.__ARM_common_switch8) for __ARM_common_switch8
    tasks.o(.text) refers to aeabi_memset.o(.text) for __aeabi_memset
    port.o(.emb_text) refers to tasks.o(.data) for pxCurrentTCB
    port.o(.emb_text) refers to tasks.o(.text) for vTaskSwitchContext
    port.o(.text) refers to aeabi_sdiv.o(.text) for __aeabi_uidivmod
    port.o(.text) refers to port.o(.emb_text) for __asm___6_port_c_39a90d8d__prvPortStartFirstTask
    port.o(.text) refers to tasks.o(.text) for xTaskIncrementTick
    port.o(.text) refers to port.o(.data) for .data
    port.o(.text) refers to system_xmc1300.o(.data) for SystemCoreClock
    heap_4.o(.text) refers to tasks.o(.text) for vTaskSuspendAll
    heap_4.o(.text) refers to main.o(.text) for vApplicationMallocFailedHook
    heap_4.o(.text) refers to heap_4.o(.data) for .data
    heap_4.o(.text) refers to heap_4.o(.bss) for .bss
    main.o(.text) refers to system_xmc1300.o(.text) for SystemCoreClockUpdate
    main.o(.text) refers to partest_xmc1300.o(.text) for vParTestInitialise
    main.o(.text) refers to main-blinky.o(.text) for main_blinky
    main-blinky.o(.text) refers to tasks.o(.text) for xTaskGetTickCount
    main-blinky.o(.text) refers to queue.o(.text) for xQueueGenericSend
    main-blinky.o(.text) refers to partest_xmc1300.o(.text) for vParTestToggleLED
    main-blinky.o(.text) refers to main-blinky.o(.data) for .data
    main-full.o(.text) refers to dynamic.o(.text) for xAreDynamicPriorityTasksStillRunning
    main-full.o(.text) refers to blocktim.o(.text) for xAreBlockTimeTestTasksStillRunning
    main-full.o(.text) refers to countsem.o(.text) for xAreCountingSemaphoreTasksStillRunning
    main-full.o(.text) refers to recmutex.o(.text) for xAreRecursiveMutexTasksStillRunning
    main-full.o(.text) refers to queueset.o(.text) for xAreQueueSetTasksStillRunning
    main-full.o(.text) refers to queueoverwrite.o(.text) for xIsQueueOverwriteTaskStillRunning
    main-full.o(.text) refers to partest_xmc1300.o(.text) for vParTestToggleLED
    main-full.o(.text) refers to timers.o(.text) for xTimerGenericCommand
    main-full.o(.text) refers to queue.o(.text) for xQueueGenericReceive
    main-full.o(.text) refers to tasks.o(.text) for xTaskCreate
    main-full.o(.text) refers to main-full.o(.data) for .data
    main-full.o(.text) refers to regtest_keil.o(.text) for vRegTest1Task
    regtest_keil.o(.text) refers to main-full.o(.data) for ulRegTest1LoopCounter
    partest_xmc1300.o(.text) refers to partest_xmc1300.o(.constdata) for .constdata
    dynamic.o(.text) refers to tasks.o(.text) for vTaskSuspendAll
    dynamic.o(.text) refers to queue.o(.text) for xQueueGenericReceive
    dynamic.o(.text) refers to port.o(.text) for vPortEnterCritical
    dynamic.o(.text) refers to dynamic.o(.data) for .data
    recmutex.o(.text) refers to queue.o(.text) for xQueueTakeMutexRecursive
    recmutex.o(.text) refers to tasks.o(.text) for eTaskGetState
    recmutex.o(.text) refers to recmutex.o(.data) for .data
    blocktim.o(.text) refers to tasks.o(.text) for vTaskSuspend
    blocktim.o(.text) refers to queue.o(.text) for xQueueGenericSend
    blocktim.o(.text) refers to blocktim.o(.data) for .data
    countsem.o(.text) refers to queue.o(.text) for xQueueGenericSend
    countsem.o(.text) refers to tasks.o(.text) for xTaskCreate
    countsem.o(.text) refers to countsem.o(.data) for .data
    countsem.o(.text) refers to countsem.o(.bss) for .bss
    queueset.o(.text) refers to queue.o(.text) for xQueueCreateSet
    queueset.o(.text) refers to tasks.o(.text) for vTaskResume
    queueset.o(.text) refers to port.o(.text) for vPortEnterCritical
    queueset.o(.text) refers to aeabi_sdiv.o(.text) for __aeabi_uidivmod
    queueset.o(.text) refers to queueset.o(.data) for .data
    queueset.o(.text) refers to queueset.o(.bss) for .bss
    queueoverwrite.o(.text) refers to queue.o(.text) for xQueueGenericCreate
    queueoverwrite.o(.text) refers to tasks.o(.text) for xTaskCreate
    queueoverwrite.o(.text) refers to queueoverwrite.o(.data) for .data
    rt_memcpy.o(.text) refers to rt_memcpy.o(.emb_text) for __aeabi_memcpy4
    aeabi_memset.o(.text) refers to rt_memclr.o(.text) for _memset
    __main.o(!!!main) refers to __rtentry.o(.ARM.Collect$$rtentry$$00000000) for __rt_entry
    __rtentry.o(.ARM.Collect$$rtentry$$00000000) refers (Special) to __rtentry2.o(.ARM.Collect$$rtentry$$0000000A) for __rt_entry_li
    __rtentry.o(.ARM.Collect$$rtentry$$00000000) refers (Special) to __rtentry2.o(.ARM.Collect$$rtentry$$0000000D) for __rt_entry_main
    __rtentry.o(.ARM.Collect$$rtentry$$00000000) refers (Special) to __rtentry2.o(.ARM.Collect$$rtentry$$0000000C) for __rt_entry_postli_1
    __rtentry.o(.ARM.Collect$$rtentry$$00000000) refers (Special) to __rtentry2.o(.ARM.Collect$$rtentry$$00000009) for __rt_entry_postsh_1
    __rtentry.o(.ARM.Collect$$rtentry$$00000000) refers (Special) to __rtentry2.o(.ARM.Collect$$rtentry$$00000002) for __rt_entry_presh_1
    __rtentry.o(.ARM.Collect$$rtentry$$00000000) refers (Special) to __rtentry4.o(.ARM.Collect$$rtentry$$00000004) for __rt_entry_sh
    aeabi_idiv0_sigfpe.o(.text) refers to rt_div0.o(.text) for __rt_div0
    __rtentry2.o(.ARM.Collect$$rtentry$$00000008) refers to boardinit2.o(.text) for _platform_post_stackheap_init
    __rtentry2.o(.ARM.Collect$$rtentry$$0000000A) refers to libinit.o(.ARM.Collect$$libinit$$00000000) for __rt_lib_init
    __rtentry2.o(.ARM.Collect$$rtentry$$0000000B) refers to boardinit3.o(.text) for _platform_post_lib_init
    __rtentry2.o(.ARM.Collect$$rtentry$$0000000D) refers to main.o(.text) for main
    __rtentry2.o(.ARM.Collect$$rtentry$$0000000D) refers to exit.o(.text) for exit
    __rtentry2.o(.ARM.exidx) refers to __rtentry2.o(.ARM.Collect$$rtentry$$00000001) for .ARM.Collect$$rtentry$$00000001
    __rtentry2.o(.ARM.exidx) refers to __rtentry2.o(.ARM.Collect$$rtentry$$00000008) for .ARM.Collect$$rtentry$$00000008
    __rtentry2.o(.ARM.exidx) refers to __rtentry2.o(.ARM.Collect$$rtentry$$0000000A) for .ARM.Collect$$rtentry$$0000000A
    __rtentry2.o(.ARM.exidx) refers to __rtentry2.o(.ARM.Collect$$rtentry$$0000000B) for .ARM.Collect$$rtentry$$0000000B
    __rtentry2.o(.ARM.exidx) refers to __rtentry2.o(.ARM.Collect$$rtentry$$0000000D) for .ARM.Collect$$rtentry$$0000000D
    __rtentry4.o(.ARM.Collect$$rtentry$$00000004) refers to sys_stackheap_outer.o(.text) for __user_setup_stackheap
    __rtentry4.o(.ARM.exidx) refers to __rtentry4.o(.ARM.Collect$$rtentry$$00000004) for .ARM.Collect$$rtentry$$00000004
    rt_div0.o(.text) refers to defsig_fpe_outer.o(.text) for __rt_SIGFPE
    sys_stackheap_outer.o(.text) refers to libspace.o(.text) for __user_perproc_libspace
    sys_stackheap_outer.o(.text) refers to startup_xmc1000.o(.text) for __user_initial_stackheap
    sys_stackheap_outer.o(__vectab_stack_and_reset_area) refers to tempstk.o(.text) for __temporary_stack_top
    sys_stackheap_outer.o(__vectab_stack_and_reset_area) refers to __main.o(!!!main) for __main
    exit.o(.text) refers to rtexit.o(.ARM.Collect$$rtexit$$00000000) for __rt_exit
    defsig_fpe_outer.o(.text) refers to defsig_fpe_inner.o(.text) for __rt_SIGFPE_inner
    defsig_fpe_outer.o(.text) refers to defsig_exit.o(.text) for __sig_exit
    defsig_fpe_formal.o(.text) refers to rt_raise.o(.text) for __rt_raise
    libinit.o(.ARM.Collect$$libinit$$00000000) refers (Special) to libinit2.o(.ARM.Collect$$libinit$$0000002E) for __rt_lib_init_alloca_1
    libinit.o(.ARM.Collect$$libinit$$00000000) refers (Special) to libinit2.o(.ARM.Collect$$libinit$$0000002C) for __rt_lib_init_argv_1
    libinit.o(.ARM.Collect$$libinit$$00000000) refers (Special) to libinit2.o(.ARM.Collect$$libinit$$0000001B) for __rt_lib_init_atexit_1
    libinit.o(.ARM.Collect$$libinit$$00000000) refers (Special) to libinit2.o(.ARM.Collect$$libinit$$00000021) for __rt_lib_init_clock_1
    libinit.o(.ARM.Collect$$libinit$$00000000) refers (Special) to libinit2.o(.ARM.Collect$$libinit$$00000032) for __rt_lib_init_cpp_1
    libinit.o(.ARM.Collect$$libinit$$00000000) refers (Special) to libinit2.o(.ARM.Collect$$libinit$$00000030) for __rt_lib_init_exceptions_1
    libinit.o(.ARM.Collect$$libinit$$00000000) refers (Special) to libinit2.o(.ARM.Collect$$libinit$$00000002) for __rt_lib_init_fp_1
    libinit.o(.ARM.Collect$$libinit$$00000000) refers (Special) to libinit2.o(.ARM.Collect$$libinit$$0000001F) for __rt_lib_init_fp_trap_1
    libinit.o(.ARM.Collect$$libinit$$00000000) refers (Special) to libinit2.o(.ARM.Collect$$libinit$$00000023) for __rt_lib_init_getenv_1
    libinit.o(.ARM.Collect$$libinit$$00000000) refers (Special) to libinit2.o(.ARM.Collect$$libinit$$0000000A) for __rt_lib_init_heap_1
    libinit.o(.ARM.Collect$$libinit$$00000000) refers (Special) to libinit2.o(.ARM.Collect$$libinit$$00000011) for __rt_lib_init_lc_collate_1
    libinit.o(.ARM.Collect$$libinit$$00000000) refers (Special) to libinit2.o(.ARM.Collect$$libinit$$00000013) for __rt_lib_init_lc_ctype_1
    libinit.o(.ARM.Collect$$libinit$$00000000) refers (Special) to libinit2.o(.ARM.Collect$$libinit$$00000015) for __rt_lib_init_lc_monetary_1
    libinit.o(.ARM.Collect$$libinit$$00000000) refers (Special) to libinit2.o(.ARM.Collect$$libinit$$00000017) for __rt_lib_init_lc_numeric_1
    libinit.o(.ARM.Collect$$libinit$$00000000) refers (Special) to libinit2.o(.ARM.Collect$$libinit$$00000019) for __rt_lib_init_lc_time_1
    libinit.o(.ARM.Collect$$libinit$$00000000) refers (Special) to libinit2.o(.ARM.Collect$$libinit$$00000004) for __rt_lib_init_preinit_1
    libinit.o(.ARM.Collect$$libinit$$00000000) refers (Special) to libinit2.o(.ARM.Collect$$libinit$$0000000E) for __rt_lib_init_rand_1
    libinit.o(.ARM.Collect$$libinit$$00000000) refers (Special) to libinit2.o(.ARM.Collect$$libinit$$00000033) for __rt_lib_init_return
    libinit.o(.ARM.Collect$$libinit$$00000000) refers (Special) to libinit2.o(.ARM.Collect$$libinit$$0000001D) for __rt_lib_init_signal_1
    libinit.o(.ARM.Collect$$libinit$$00000000) refers (Special) to libinit2.o(.ARM.Collect$$libinit$$00000025) for __rt_lib_init_stdio_1
    libinit.o(.ARM.Collect$$libinit$$00000000) refers (Special) to libinit2.o(.ARM.Collect$$libinit$$0000000C) for __rt_lib_init_user_alloc_1
    libspace.o(.text) refers to libspace.o(.bss) for __libspace_start
    rtexit.o(.ARM.Collect$$rtexit$$00000000) refers (Special) to rtexit2.o(.ARM.Collect$$rtexit$$00000004) for __rt_exit_exit
    rtexit.o(.ARM.Collect$$rtexit$$00000000) refers (Special) to rtexit2.o(.ARM.Collect$$rtexit$$00000003) for __rt_exit_ls
    rtexit.o(.ARM.Collect$$rtexit$$00000000) refers (Special) to rtexit2.o(.ARM.Collect$$rtexit$$00000002) for __rt_exit_prels_1
    rtexit.o(.ARM.exidx) refers (Special) to rtexit2.o(.ARM.Collect$$rtexit$$00000004) for __rt_exit_exit
    rtexit.o(.ARM.exidx) refers (Special) to rtexit2.o(.ARM.Collect$$rtexit$$00000003) for __rt_exit_ls
    rtexit.o(.ARM.exidx) refers (Special) to rtexit2.o(.ARM.Collect$$rtexit$$00000002) for __rt_exit_prels_1
    rtexit.o(.ARM.exidx) refers to rtexit.o(.ARM.Collect$$rtexit$$00000000) for .ARM.Collect$$rtexit$$00000000
    rt_raise.o(.text) refers to __raise.o(.text) for __raise
    rt_raise.o(.text) refers to sys_exit.o(.text) for _sys_exit
    defsig_exit.o(.text) refers to sys_exit.o(.text) for _sys_exit
    defsig_fpe_inner.o(.text) refers to defsig_general.o(.text) for __default_signal_display
    libinit2.o(.ARM.Collect$$libinit$$00000010) refers to libinit2.o(.ARM.Collect$$libinit$$0000000F) for .ARM.Collect$$libinit$$0000000F
    libinit2.o(.ARM.Collect$$libinit$$00000012) refers to libinit2.o(.ARM.Collect$$libinit$$0000000F) for .ARM.Collect$$libinit$$0000000F
    libinit2.o(.ARM.Collect$$libinit$$00000014) refers to libinit2.o(.ARM.Collect$$libinit$$0000000F) for .ARM.Collect$$libinit$$0000000F
    libinit2.o(.ARM.Collect$$libinit$$00000016) refers to libinit2.o(.ARM.Collect$$libinit$$0000000F) for .ARM.Collect$$libinit$$0000000F
    libinit2.o(.ARM.Collect$$libinit$$00000018) refers to libinit2.o(.ARM.Collect$$libinit$$0000000F) for .ARM.Collect$$libinit$$0000000F
    libinit2.o(.ARM.Collect$$libinit$$00000026) refers to argv_veneer.o(.text) for __ARM_argv_veneer
    libinit2.o(.ARM.Collect$$libinit$$00000027) refers to argv_veneer.o(.text) for __ARM_argv_veneer
    sys_exit.o(.text) refers (Special) to use_no_semi.o(.text) for __I$use$semihosting
    sys_exit.o(.text) refers (Special) to indicate_semi.o(.text) for __semihosting_library_function
    rtexit2.o(.ARM.Collect$$rtexit$$00000003) refers to libshutdown.o(.ARM.Collect$$libshutdown$$00000000) for __rt_lib_shutdown
    rtexit2.o(.ARM.Collect$$rtexit$$00000004) refers to sys_exit.o(.text) for _sys_exit
    rtexit2.o(.ARM.exidx) refers to rtexit2.o(.ARM.Collect$$rtexit$$00000001) for .ARM.Collect$$rtexit$$00000001
    rtexit2.o(.ARM.exidx) refers to rtexit2.o(.ARM.Collect$$rtexit$$00000003) for .ARM.Collect$$rtexit$$00000003
    rtexit2.o(.ARM.exidx) refers to rtexit2.o(.ARM.Collect$$rtexit$$00000004) for .ARM.Collect$$rtexit$$00000004
    __raise.o(.text) refers to defsig.o(CL$$defsig) for __default_signal_handler
    defsig_general.o(.text) refers to sys_wrch.o(.text) for _ttywrch
    sys_wrch.o(.text) refers (Special) to use_no_semi.o(.text) for __I$use$semihosting
    sys_wrch.o(.text) refers (Special) to indicate_semi.o(.text) for __semihosting_library_function
    defsig.o(CL$$defsig) refers to defsig_fpe_inner.o(.text) for __rt_SIGFPE_inner
    defsig.o(CL$$defsig) refers to defsig_rtmem_inner.o(.text) for __rt_SIGRTMEM_inner
    _get_argv_nomalloc.o(.text) refers (Special) to hrguard.o(.text) for __heap_region$guard
    _get_argv_nomalloc.o(.text) refers to defsig_rtmem_outer.o(.text) for __rt_SIGRTMEM
    _get_argv_nomalloc.o(.text) refers to sys_command.o(.text) for _sys_command_string
    libshutdown.o(.ARM.Collect$$libshutdown$$00000000) refers (Special) to libshutdown2.o(.ARM.Collect$$libshutdown$$00000002) for __rt_lib_shutdown_cpp_1
    libshutdown.o(.ARM.Collect$$libshutdown$$00000000) refers (Special) to libshutdown2.o(.ARM.Collect$$libshutdown$$00000007) for __rt_lib_shutdown_fp_trap_1
    libshutdown.o(.ARM.Collect$$libshutdown$$00000000) refers (Special) to libshutdown2.o(.ARM.Collect$$libshutdown$$0000000F) for __rt_lib_shutdown_heap_1
    libshutdown.o(.ARM.Collect$$libshutdown$$00000000) refers (Special) to libshutdown2.o(.ARM.Collect$$libshutdown$$00000010) for __rt_lib_shutdown_return
    libshutdown.o(.ARM.Collect$$libshutdown$$00000000) refers (Special) to libshutdown2.o(.ARM.Collect$$libshutdown$$0000000A) for __rt_lib_shutdown_signal_1
    libshutdown.o(.ARM.Collect$$libshutdown$$00000000) refers (Special) to libshutdown2.o(.ARM.Collect$$libshutdown$$00000004) for __rt_lib_shutdown_stdio_1
    libshutdown.o(.ARM.Collect$$libshutdown$$00000000) refers (Special) to libshutdown2.o(.ARM.Collect$$libshutdown$$0000000C) for __rt_lib_shutdown_user_alloc_1
    sys_command.o(.text) refers (Special) to use_no_semi.o(.text) for __I$use$semihosting
    sys_command.o(.text) refers (Special) to indicate_semi.o(.text) for __semihosting_library_function
    defsig_abrt_inner.o(.text) refers to defsig_general.o(.text) for __default_signal_display
    defsig_rtred_inner.o(.text) refers to defsig_general.o(.text) for __default_signal_display
    defsig_rtmem_inner.o(.text) refers to defsig_general.o(.text) for __default_signal_display
    defsig_rtmem_outer.o(.text) refers to defsig_rtmem_inner.o(.text) for __rt_SIGRTMEM_inner
    defsig_rtmem_outer.o(.text) refers to defsig_exit.o(.text) for __sig_exit
    defsig_rtmem_formal.o(.text) refers to rt_raise.o(.text) for __rt_raise
    defsig_stak_inner.o(.text) refers to defsig_general.o(.text) for __default_signal_display
    defsig_pvfn_inner.o(.text) refers to defsig_general.o(.text) for __default_signal_display
    defsig_cppl_inner.o(.text) refers to defsig_general.o(.text) for __default_signal_display
    defsig_segv_inner.o(.text) refers to defsig_general.o(.text) for __default_signal_display
    defsig_other.o(.text) refers to defsig_general.o(.text) for __default_signal_display


==============================================================================

Removing Unused input sections from the image.

    Removing system_xmc1300.o(.rev16_text), (4 bytes).
    Removing system_xmc1300.o(.revsh_text), (4 bytes).
    Removing main-full.o(.text), (468 bytes).
    Removing main-full.o(.data), (24 bytes).
    Removing regtest_keil.o(.text), (260 bytes).
    Removing partest_xmc1300.o(.rev16_text), (4 bytes).
    Removing partest_xmc1300.o(.revsh_text), (4 bytes).
    Removing dynamic.o(.text), (620 bytes).
    Removing dynamic.o(.data), (40 bytes).
    Removing recmutex.o(.text), (548 bytes).
    Removing recmutex.o(.data), (48 bytes).
    Removing blocktim.o(.text), (852 bytes).
    Removing blocktim.o(.data), (32 bytes).
    Removing countsem.o(.text), (476 bytes).
    Removing countsem.o(.bss), (24 bytes).
    Removing countsem.o(.data), (12 bytes).
    Removing queueset.o(.text), (888 bytes).
    Removing queueset.o(.bss), (36 bytes).
    Removing queueset.o(.data), (64 bytes).
    Removing queueoverwrite.o(.text), (352 bytes).
    Removing queueoverwrite.o(.data), (16 bytes).

21 unused section(s) (total 4776 bytes) removed from the image.

==============================================================================

Image Symbol Table

    Local Symbols

    Symbol Name                              Value     Ov Type        Size  Object(Section)

    ../clib/../cmprslib/zerorunl2.c          0x00000000   Number         0  __dczerorl2.o ABSOLUTE
    ../clib/angel/boardlib.s                 0x00000000   Number         0  boardinit1.o ABSOLUTE
    ../clib/angel/boardlib.s                 0x00000000   Number         0  boardshut.o ABSOLUTE
    ../clib/angel/boardlib.s                 0x00000000   Number         0  boardinit3.o ABSOLUTE
    ../clib/angel/boardlib.s                 0x00000000   Number         0  boardinit2.o ABSOLUTE
    ../clib/angel/handlers.s                 0x00000000   Number         0  __scatter_zi.o ABSOLUTE
    ../clib/angel/kernel.s                   0x00000000   Number         0  rtexit.o ABSOLUTE
    ../clib/angel/kernel.s                   0x00000000   Number         0  __rtentry.o ABSOLUTE
    ../clib/angel/kernel.s                   0x00000000   Number         0  rtexit2.o ABSOLUTE
    ../clib/angel/kernel.s                   0x00000000   Number         0  __rtentry4.o ABSOLUTE
    ../clib/angel/kernel.s                   0x00000000   Number         0  __rtentry2.o ABSOLUTE
    ../clib/angel/rt.s                       0x00000000   Number         0  rt_div0.o ABSOLUTE
    ../clib/angel/rt.s                       0x00000000   Number         0  aeabi_idiv0.o ABSOLUTE
    ../clib/angel/rt.s                       0x00000000   Number         0  aeabi_idiv0_sigfpe.o ABSOLUTE
    ../clib/angel/rt.s                       0x00000000   Number         0  rt_raise.o ABSOLUTE
    ../clib/angel/scatterp.s                 0x00000000   Number         0  __scatter.o ABSOLUTE
    ../clib/angel/startup.s                  0x00000000   Number         0  __main.o ABSOLUTE
    ../clib/angel/sys.s                      0x00000000   Number         0  sys_stackheap_outer.o ABSOLUTE
    ../clib/angel/sys.s                      0x00000000   Number         0  libspace.o ABSOLUTE
    ../clib/angel/sys.s                      0x00000000   Number         0  use_no_semi.o ABSOLUTE
    ../clib/angel/sys.s                      0x00000000   Number         0  indicate_semi.o ABSOLUTE
    ../clib/angel/sys.s                      0x00000000   Number         0  tempstk.o ABSOLUTE
    ../clib/angel/sysapp.c                   0x00000000   Number         0  sys_wrch.o ABSOLUTE
    ../clib/angel/sysapp.c                   0x00000000   Number         0  sys_command.o ABSOLUTE
    ../clib/angel/sysapp.c                   0x00000000   Number         0  sys_exit.o ABSOLUTE
    ../clib/armsys.c                         0x00000000   Number         0  no_argv.o ABSOLUTE
    ../clib/armsys.c                         0x00000000   Number         0  argv_veneer.o ABSOLUTE
    ../clib/armsys.c                         0x00000000   Number         0  _get_argv_nomalloc.o ABSOLUTE
    ../clib/division.s                       0x00000000   Number         0  aeabi_sdiv_div0.o ABSOLUTE
    ../clib/division.s                       0x00000000   Number         0  aeabi_sdiv.o ABSOLUTE
    ../clib/heapalloc.c                      0x00000000   Number         0  hrguard.o ABSOLUTE
    ../clib/heapaux.c                        0x00000000   Number         0  heapauxi.o ABSOLUTE
    ../clib/libinit.s                        0x00000000   Number         0  libinit2.o ABSOLUTE
    ../clib/libinit.s                        0x00000000   Number         0  libshutdown.o ABSOLUTE
    ../clib/libinit.s                        0x00000000   Number         0  libinit.o ABSOLUTE
    ../clib/libinit.s                        0x00000000   Number         0  libshutdown2.o ABSOLUTE
    ../clib/memcpset.c                       0x00000000   Number         0  rt_memcpy.o ABSOLUTE
    ../clib/memcpset.c                       0x00000000   Number         0  rt_memcpy.o ABSOLUTE
    ../clib/memcpset.c                       0x00000000   Number         0  aeabi_memset.o ABSOLUTE
    ../clib/memcpset.c                       0x00000000   Number         0  rt_memclr.o ABSOLUTE
    ../clib/signal.c                         0x00000000   Number         0  defsig_fpe_outer.o ABSOLUTE
    ../clib/signal.c                         0x00000000   Number         0  defsig_rtmem_inner.o ABSOLUTE
    ../clib/signal.c                         0x00000000   Number         0  defsig_fpe_formal.o ABSOLUTE
    ../clib/signal.c                         0x00000000   Number         0  defsig_abrt_inner.o ABSOLUTE
    ../clib/signal.c                         0x00000000   Number         0  defsig_exit.o ABSOLUTE
    ../clib/signal.c                         0x00000000   Number         0  defsig_general.o ABSOLUTE
    ../clib/signal.c                         0x00000000   Number         0  defsig_rtmem_formal.o ABSOLUTE
    ../clib/signal.c                         0x00000000   Number         0  defsig_stak_inner.o ABSOLUTE
    ../clib/signal.c                         0x00000000   Number         0  defsig_rtred_inner.o ABSOLUTE
    ../clib/signal.c                         0x00000000   Number         0  defsig_cppl_inner.o ABSOLUTE
    ../clib/signal.c                         0x00000000   Number         0  defsig_segv_inner.o ABSOLUTE
    ../clib/signal.c                         0x00000000   Number         0  defsig_other.o ABSOLUTE
    ../clib/signal.c                         0x00000000   Number         0  __raise.o ABSOLUTE
    ../clib/signal.c                         0x00000000   Number         0  defsig_rtmem_outer.o ABSOLUTE
    ../clib/signal.c                         0x00000000   Number         0  defsig_fpe_inner.o ABSOLUTE
    ../clib/signal.c                         0x00000000   Number         0  defsig_pvfn_inner.o ABSOLUTE
    ../clib/signal.s                         0x00000000   Number         0  defsig.o ABSOLUTE
    ../clib/stdlib.c                         0x00000000   Number         0  exit.o ABSOLUTE
    ../fplib/cfplib/fpinit.c                 0x00000000   Number         0  fpinit.o ABSOLUTE
    ..\..\Source\list.c                      0x00000000   Number         0  list.o ABSOLUTE
    ..\..\Source\portable\MemMang\heap_4.c   0x00000000   Number         0  heap_4.o ABSOLUTE
    ..\..\Source\portable\RVDS\ARM_CM0\port.c 0x00000000   Number         0  port.o ABSOLUTE
    ..\..\Source\queue.c                     0x00000000   Number         0  queue.o ABSOLUTE
    ..\..\Source\tasks.c                     0x00000000   Number         0  tasks.o ABSOLUTE
    ..\..\Source\timers.c                    0x00000000   Number         0  timers.o ABSOLUTE
    ..\Common\Minimal\QueueOverwrite.c       0x00000000   Number         0  queueoverwrite.o ABSOLUTE
    ..\Common\Minimal\QueueSet.c             0x00000000   Number         0  queueset.o ABSOLUTE
    ..\Common\Minimal\blocktim.c             0x00000000   Number         0  blocktim.o ABSOLUTE
    ..\Common\Minimal\countsem.c             0x00000000   Number         0  countsem.o ABSOLUTE
    ..\Common\Minimal\dynamic.c              0x00000000   Number         0  dynamic.o ABSOLUTE
    ..\Common\Minimal\recmutex.c             0x00000000   Number         0  recmutex.o ABSOLUTE
    ..\\..\\Source\\portable\\RVDS\\ARM_CM0\\port.c 0x00000000   Number         0  port.o ABSOLUTE
    Keil_Specific\RegTest_Keil.s             0x00000000   Number         0  regtest_keil.o ABSOLUTE
    Keil_Specific\\system_XMC1300.c          0x00000000   Number         0  system_xmc1300.o ABSOLUTE
    Keil_Specific\startup_XMC1000.s          0x00000000   Number         0  startup_xmc1000.o ABSOLUTE
    Keil_Specific\system_XMC1300.c           0x00000000   Number         0  system_xmc1300.o ABSOLUTE
    ParTest_XMC1300.c                        0x00000000   Number         0  partest_xmc1300.o ABSOLUTE
    ParTest_XMC1300.c                        0x00000000   Number         0  partest_xmc1300.o ABSOLUTE
    dc.s                                     0x00000000   Number         0  dc.o ABSOLUTE
    main-blinky.c                            0x00000000   Number         0  main-blinky.o ABSOLUTE
    main-full.c                              0x00000000   Number         0  main-full.o ABSOLUTE
    main.c                                   0x00000000   Number         0  main.o ABSOLUTE
    RESET                                    0x10001000   Section       24  startup_xmc1000.o(RESET)
    !!!main                                  0x10001018   Section        8  __main.o(!!!main)
    !!!scatter                               0x10001020   Section       60  __scatter.o(!!!scatter)
    !!handler_zi                             0x1000105c   Section       28  __scatter_zi.o(!!handler_zi)
    .ARM.Collect$$libinit$$00000000          0x10001078   Section        2  libinit.o(.ARM.Collect$$libinit$$00000000)
    .ARM.Collect$$libinit$$00000002          0x1000107a   Section        0  libinit2.o(.ARM.Collect$$libinit$$00000002)
    .ARM.Collect$$libinit$$00000004          0x1000107a   Section        0  libinit2.o(.ARM.Collect$$libinit$$00000004)
    .ARM.Collect$$libinit$$0000000A          0x1000107a   Section        0  libinit2.o(.ARM.Collect$$libinit$$0000000A)
    .ARM.Collect$$libinit$$0000000C          0x1000107a   Section        0  libinit2.o(.ARM.Collect$$libinit$$0000000C)
    .ARM.Collect$$libinit$$0000000E          0x1000107a   Section        0  libinit2.o(.ARM.Collect$$libinit$$0000000E)
    .ARM.Collect$$libinit$$00000011          0x1000107a   Section        0  libinit2.o(.ARM.Collect$$libinit$$00000011)
    .ARM.Collect$$libinit$$00000013          0x1000107a   Section        0  libinit2.o(.ARM.Collect$$libinit$$00000013)
    .ARM.Collect$$libinit$$00000015          0x1000107a   Section        0  libinit2.o(.ARM.Collect$$libinit$$00000015)
    .ARM.Collect$$libinit$$00000017          0x1000107a   Section        0  libinit2.o(.ARM.Collect$$libinit$$00000017)
    .ARM.Collect$$libinit$$00000019          0x1000107a   Section        0  libinit2.o(.ARM.Collect$$libinit$$00000019)
    .ARM.Collect$$libinit$$0000001B          0x1000107a   Section        0  libinit2.o(.ARM.Collect$$libinit$$0000001B)
    .ARM.Collect$$libinit$$0000001D          0x1000107a   Section        0  libinit2.o(.ARM.Collect$$libinit$$0000001D)
    .ARM.Collect$$libinit$$0000001F          0x1000107a   Section        0  libinit2.o(.ARM.Collect$$libinit$$0000001F)
    .ARM.Collect$$libinit$$00000021          0x1000107a   Section        0  libinit2.o(.ARM.Collect$$libinit$$00000021)
    .ARM.Collect$$libinit$$00000023          0x1000107a   Section        0  libinit2.o(.ARM.Collect$$libinit$$00000023)
    .ARM.Collect$$libinit$$00000025          0x1000107a   Section        0  libinit2.o(.ARM.Collect$$libinit$$00000025)
    .ARM.Collect$$libinit$$0000002C          0x1000107a   Section        0  libinit2.o(.ARM.Collect$$libinit$$0000002C)
    .ARM.Collect$$libinit$$0000002E          0x1000107a   Section        0  libinit2.o(.ARM.Collect$$libinit$$0000002E)
    .ARM.Collect$$libinit$$00000030          0x1000107a   Section        0  libinit2.o(.ARM.Collect$$libinit$$00000030)
    .ARM.Collect$$libinit$$00000032          0x1000107a   Section        0  libinit2.o(.ARM.Collect$$libinit$$00000032)
    .ARM.Collect$$libinit$$00000033          0x1000107a   Section        2  libinit2.o(.ARM.Collect$$libinit$$00000033)
    .ARM.Collect$$libshutdown$$00000000      0x1000107c   Section        2  libshutdown.o(.ARM.Collect$$libshutdown$$00000000)
    .ARM.Collect$$libshutdown$$00000002      0x1000107e   Section        0  libshutdown2.o(.ARM.Collect$$libshutdown$$00000002)
    .ARM.Collect$$libshutdown$$00000004      0x1000107e   Section        0  libshutdown2.o(.ARM.Collect$$libshutdown$$00000004)
    .ARM.Collect$$libshutdown$$00000007      0x1000107e   Section        0  libshutdown2.o(.ARM.Collect$$libshutdown$$00000007)
    .ARM.Collect$$libshutdown$$0000000A      0x1000107e   Section        0  libshutdown2.o(.ARM.Collect$$libshutdown$$0000000A)
    .ARM.Collect$$libshutdown$$0000000C      0x1000107e   Section        0  libshutdown2.o(.ARM.Collect$$libshutdown$$0000000C)
    .ARM.Collect$$libshutdown$$0000000F      0x1000107e   Section        0  libshutdown2.o(.ARM.Collect$$libshutdown$$0000000F)
    .ARM.Collect$$libshutdown$$00000010      0x1000107e   Section        2  libshutdown2.o(.ARM.Collect$$libshutdown$$00000010)
    .ARM.Collect$$rtentry$$00000000          0x10001080   Section        0  __rtentry.o(.ARM.Collect$$rtentry$$00000000)
    .ARM.Collect$$rtentry$$00000002          0x10001080   Section        0  __rtentry2.o(.ARM.Collect$$rtentry$$00000002)
    .ARM.Collect$$rtentry$$00000004          0x10001080   Section        6  __rtentry4.o(.ARM.Collect$$rtentry$$00000004)
    .ARM.Collect$$rtentry$$00000009          0x10001086   Section        0  __rtentry2.o(.ARM.Collect$$rtentry$$00000009)
    .ARM.Collect$$rtentry$$0000000A          0x10001086   Section        4  __rtentry2.o(.ARM.Collect$$rtentry$$0000000A)
    .ARM.Collect$$rtentry$$0000000C          0x1000108a   Section        0  __rtentry2.o(.ARM.Collect$$rtentry$$0000000C)
    .ARM.Collect$$rtentry$$0000000D          0x1000108a   Section        8  __rtentry2.o(.ARM.Collect$$rtentry$$0000000D)
    .ARM.Collect$$rtexit$$00000000           0x10001092   Section        2  rtexit.o(.ARM.Collect$$rtexit$$00000000)
    .ARM.Collect$$rtexit$$00000002           0x10001094   Section        0  rtexit2.o(.ARM.Collect$$rtexit$$00000002)
    .ARM.Collect$$rtexit$$00000003           0x10001094   Section        4  rtexit2.o(.ARM.Collect$$rtexit$$00000003)
    .ARM.Collect$$rtexit$$00000004           0x10001098   Section        6  rtexit2.o(.ARM.Collect$$rtexit$$00000004)
    .emb_text                                0x100010a0   Section      120  port.o(.emb_text)
    .emb_text                                0x10001118   Section       56  rt_memcpy.o(.emb_text)
    .text                                    0x10001150   Section      100  startup_xmc1000.o(.text)
    .text                                    0x100011b4   Section        0  system_xmc1300.o(.text)
    .text                                    0x10001200   Section        0  timers.o(.text)
    prvInsertTimerInActiveList               0x10001201   Thumb Code    52  timers.o(.text)
    prvTimerTask                             0x10001281   Thumb Code    38  timers.o(.text)
    prvCheckForValidListAndQueue             0x100012a7   Thumb Code    64  timers.o(.text)
    prvProcessReceivedCommands               0x100013db   Thumb Code   164  timers.o(.text)
    prvProcessTimerOrBlockTask               0x1000147f   Thumb Code   152  timers.o(.text)
    prvSampleTimeNow                         0x10001517   Thumb Code    36  timers.o(.text)
    prvSwitchTimerLists                      0x1000153b   Thumb Code    92  timers.o(.text)
    .text                                    0x100015b4   Section        0  list.o(.text)
    .text                                    0x1000163c   Section        0  queue.o(.text)
    prvCopyDataToQueue                       0x100016f3   Thumb Code   112  queue.o(.text)
    prvNotifyQueueSetContainer               0x10001763   Thumb Code    92  queue.o(.text)
    prvUnlockQueue                           0x100017bf   Thumb Code   128  queue.o(.text)
    prvCopyDataFromQueue                     0x100019c3   Thumb Code    38  queue.o(.text)
    prvIsQueueEmpty                          0x10001f15   Thumb Code    28  queue.o(.text)
    .text                                    0x10001f34   Section        0  tasks.o(.text)
    prvAddNewTaskToReadyList                 0x10001f35   Thumb Code   178  tasks.o(.text)
    prvAddCurrentTaskToDelayedList           0x10002209   Thumb Code    80  tasks.o(.text)
    prvIdleTask                              0x100025ad   Thumb Code    20  tasks.o(.text)
    prvListTasksWithinSingleList             0x100026b1   Thumb Code   112  tasks.o(.text)
    prvInitialiseNewTask                     0x10002d2b   Thumb Code   130  tasks.o(.text)
    prvResetNextTaskUnblockTime              0x10002dad   Thumb Code    28  tasks.o(.text)
    prvDeleteTCB                             0x10002dc9   Thumb Code    18  tasks.o(.text)
    prvTaskIsTaskSuspended                   0x10002ddb   Thumb Code    42  tasks.o(.text)
    prvCheckTasksWaitingTermination          0x10002e05   Thumb Code    80  tasks.o(.text)
    .text                                    0x10002e5c   Section        0  port.o(.text)
    prvTaskExitError                         0x10002e5d   Thumb Code    14  port.o(.text)
    .text                                    0x10002f44   Section        0  heap_4.o(.text)
    prvInsertBlockIntoFreeList               0x10002f45   Thumb Code    72  heap_4.o(.text)
    prvHeapInit                              0x10003093   Thumb Code    58  heap_4.o(.text)
    .text                                    0x100030d8   Section        0  main.o(.text)
    .text                                    0x100030f8   Section        0  main-blinky.o(.text)
    prvQueueSendTask                         0x100030f9   Thumb Code    46  main-blinky.o(.text)
    prvQueueReceiveTask                      0x10003127   Thumb Code    46  main-blinky.o(.text)
    .text                                    0x100031ac   Section        0  partest_xmc1300.o(.text)
    .text                                    0x10003264   Section        0  rt_memcpy.o(.text)
    .text                                    0x100032e6   Section        0  aeabi_memset.o(.text)
    .text                                    0x100032f8   Section      346  aeabi_sdiv.o(.text)
    .text                                    0x10003452   Section        0  heapauxi.o(.text)
    .text                                    0x10003458   Section        0  rt_memclr.o(.text)
    .text                                    0x10003498   Section       62  sys_stackheap_outer.o(.text)
    .text                                    0x100034d6   Section        0  exit.o(.text)
    .text                                    0x100034e8   Section        8  libspace.o(.text)
    .text                                    0x100034f0   Section        0  sys_exit.o(.text)
    .text                                    0x100034fc   Section        2  use_no_semi.o(.text)
    .text                                    0x100034fe   Section        0  __dczerorl2.o(.text)
    .text                                    0x100034fe   Section        0  indicate_semi.o(.text)
    i.__ARM_common_switch8                   0x10003554   Section        0  timers.o(i.__ARM_common_switch8)
    .constdata                               0x10003570   Section       20  partest_xmc1300.o(.constdata)
    ulLEDBits                                0x10003570   Data          20  partest_xmc1300.o(.constdata)
    .ARM.__at_0x20000000                     0x20000000   Section      380  startup_xmc1000.o(.ARM.__at_0x20000000)
    .data                                    0x2000017c   Section        4  system_xmc1300.o(.data)
    .data                                    0x20000180   Section       20  timers.o(.data)
    xTimerQueue                              0x20000180   Data           4  timers.o(.data)
    xTimerTaskHandle                         0x20000184   Data           4  timers.o(.data)
    xLastTime                                0x20000188   Data           4  timers.o(.data)
    pxCurrentTimerList                       0x2000018c   Data           4  timers.o(.data)
    pxOverflowTimerList                      0x20000190   Data           4  timers.o(.data)
    .data                                    0x20000194   Section       60  tasks.o(.data)
    uxDeletedTasksWaitingCleanUp             0x20000198   Data           4  tasks.o(.data)
    uxCurrentNumberOfTasks                   0x2000019c   Data           4  tasks.o(.data)
    xTickCount                               0x200001a0   Data           4  tasks.o(.data)
    uxTopReadyPriority                       0x200001a4   Data           4  tasks.o(.data)
    xSchedulerRunning                        0x200001a8   Data           4  tasks.o(.data)
    uxPendedTicks                            0x200001ac   Data           4  tasks.o(.data)
    xYieldPending                            0x200001b0   Data           4  tasks.o(.data)
    xNumOfOverflows                          0x200001b4   Data           4  tasks.o(.data)
    uxTaskNumber                             0x200001b8   Data           4  tasks.o(.data)
    xNextTaskUnblockTime                     0x200001bc   Data           4  tasks.o(.data)
    xIdleTaskHandle                          0x200001c0   Data           4  tasks.o(.data)
    uxSchedulerSuspended                     0x200001c4   Data           4  tasks.o(.data)
    pxDelayedTaskList                        0x200001c8   Data           4  tasks.o(.data)
    pxOverflowDelayedTaskList                0x200001cc   Data           4  tasks.o(.data)
    .data                                    0x200001d0   Section        4  port.o(.data)
    uxCriticalNesting                        0x200001d0   Data           4  port.o(.data)
    .data                                    0x200001d4   Section       24  heap_4.o(.data)
    pxEnd                                    0x200001d4   Data           4  heap_4.o(.data)
    xFreeBytesRemaining                      0x200001d8   Data           4  heap_4.o(.data)
    xMinimumEverFreeBytesRemaining           0x200001dc   Data           4  heap_4.o(.data)
    xBlockAllocatedBit                       0x200001e0   Data           4  heap_4.o(.data)
    xStart                                   0x200001e4   Data           8  heap_4.o(.data)
    .data                                    0x200001ec   Section        4  main-blinky.o(.data)
    xQueue                                   0x200001ec   Data           4  main-blinky.o(.data)
    .bss                                     0x200001f0   Section       40  timers.o(.bss)
    xActiveTimerList1                        0x200001f0   Data          20  timers.o(.bss)
    xActiveTimerList2                        0x20000204   Data          20  timers.o(.bss)
    .bss                                     0x20000218   Section       64  queue.o(.bss)
    .bss                                     0x20000258   Section      200  tasks.o(.bss)
    pxReadyTasksLists                        0x20000258   Data         100  tasks.o(.bss)
    xDelayedTaskList1                        0x200002bc   Data          20  tasks.o(.bss)
    xDelayedTaskList2                        0x200002d0   Data          20  tasks.o(.bss)
    xPendingReadyList                        0x200002e4   Data          20  tasks.o(.bss)
    xTasksWaitingTermination                 0x200002f8   Data          20  tasks.o(.bss)
    xSuspendedTaskList                       0x2000030c   Data          20  tasks.o(.bss)
    .bss                                     0x20000320   Section    11000  heap_4.o(.bss)
    ucHeap                                   0x20000320   Data       11000  heap_4.o(.bss)
    .bss                                     0x20002e18   Section       96  libspace.o(.bss)
    HEAP                                     0x20002e78   Section        0  startup_xmc1000.o(HEAP)
    STACK                                    0x20002e78   Section     1024  startup_xmc1000.o(STACK)
    Heap_Mem                                 0x20002e78   Data           0  startup_xmc1000.o(HEAP)
    Stack_Mem                                0x20002e78   Data        1024  startup_xmc1000.o(STACK)
    __initial_sp                             0x20003278   Data           0  startup_xmc1000.o(STACK)

    Global Symbols

    Symbol Name                              Value     Ov Type        Size  Object(Section)

    BuildAttributes$$THM_ISAv3M$S$PE$A:L22$X:L11$S22$IEEE1$IW$USESV6$~STKCKD$USESV7$~SHL$OSPACE$ROPI$EBA8$UX$STANDARDLIB$REQ8$PRES8$EABIv2 0x00000000   Number         0  anon$$obj.o ABSOLUTE
    __ARM_use_no_argv                        0x00000000   Number         0  main.o ABSOLUTE
    __ARM_exceptions_init                     - Undefined Weak Reference
    __alloca_initialize                       - Undefined Weak Reference
    __arm_preinit_                            - Undefined Weak Reference
    __cpp_initialize__aeabi_                  - Undefined Weak Reference
    __cxa_finalize                            - Undefined Weak Reference
    __rt_locale                               - Undefined Weak Reference
    __sigvec_lookup                           - Undefined Weak Reference
    _atexit_init                              - Undefined Weak Reference
    _call_atexit_fns                          - Undefined Weak Reference
    _clock_init                               - Undefined Weak Reference
    _fp_trap_init                             - Undefined Weak Reference
    _fp_trap_shutdown                         - Undefined Weak Reference
    _get_lc_collate                           - Undefined Weak Reference
    _get_lc_ctype                             - Undefined Weak Reference
    _get_lc_monetary                          - Undefined Weak Reference
    _get_lc_numeric                           - Undefined Weak Reference
    _get_lc_time                              - Undefined Weak Reference
    _getenv_init                              - Undefined Weak Reference
    _handle_redirection                       - Undefined Weak Reference
    _init_alloc                               - Undefined Weak Reference
    _init_user_alloc                          - Undefined Weak Reference
    _initio                                   - Undefined Weak Reference
    _rand_init                                - Undefined Weak Reference
    _signal_finish                            - Undefined Weak Reference
    _signal_init                              - Undefined Weak Reference
    _terminate_alloc                          - Undefined Weak Reference
    _terminate_user_alloc                     - Undefined Weak Reference
    _terminateio                              - Undefined Weak Reference
    __Vectors_Size                           0x00000018   Number         0  startup_xmc1000.o ABSOLUTE
    __Vectors                                0x10001000   Data           0  startup_xmc1000.o(RESET)
    __Vectors_End                            0x10001018   Data           0  startup_xmc1000.o(RESET)
    __main                                   0x10001019   Thumb Code     8  __main.o(!!!main)
    __scatterload                            0x10001021   Thumb Code     0  __scatter.o(!!!scatter)
    __scatterload_rt2                        0x10001021   Thumb Code    52  __scatter.o(!!!scatter)
    __scatterload_rt2_thumb_only             0x10001021   Thumb Code     0  __scatter.o(!!!scatter)
    __scatterload_null                       0x10001031   Thumb Code     0  __scatter.o(!!!scatter)
    __scatterload_zeroinit                   0x1000105d   Thumb Code    28  __scatter_zi.o(!!handler_zi)
    __rt_lib_init                            0x10001079   Thumb Code     0  libinit.o(.ARM.Collect$$libinit$$00000000)
    __rt_lib_init_alloca_1                   0x1000107b   Thumb Code     0  libinit2.o(.ARM.Collect$$libinit$$0000002E)
    __rt_lib_init_argv_1                     0x1000107b   Thumb Code     0  libinit2.o(.ARM.Collect$$libinit$$0000002C)
    __rt_lib_init_atexit_1                   0x1000107b   Thumb Code     0  libinit2.o(.ARM.Collect$$libinit$$0000001B)
    __rt_lib_init_clock_1                    0x1000107b   Thumb Code     0  libinit2.o(.ARM.Collect$$libinit$$00000021)
    __rt_lib_init_cpp_1                      0x1000107b   Thumb Code     0  libinit2.o(.ARM.Collect$$libinit$$00000032)
    __rt_lib_init_exceptions_1               0x1000107b   Thumb Code     0  libinit2.o(.ARM.Collect$$libinit$$00000030)
    __rt_lib_init_fp_1                       0x1000107b   Thumb Code     0  libinit2.o(.ARM.Collect$$libinit$$00000002)
    __rt_lib_init_fp_trap_1                  0x1000107b   Thumb Code     0  libinit2.o(.ARM.Collect$$libinit$$0000001F)
    __rt_lib_init_getenv_1                   0x1000107b   Thumb Code     0  libinit2.o(.ARM.Collect$$libinit$$00000023)
    __rt_lib_init_heap_1                     0x1000107b   Thumb Code     0  libinit2.o(.ARM.Collect$$libinit$$0000000A)
    __rt_lib_init_lc_collate_1               0x1000107b   Thumb Code     0  libinit2.o(.ARM.Collect$$libinit$$00000011)
    __rt_lib_init_lc_ctype_1                 0x1000107b   Thumb Code     0  libinit2.o(.ARM.Collect$$libinit$$00000013)
    __rt_lib_init_lc_monetary_1              0x1000107b   Thumb Code     0  libinit2.o(.ARM.Collect$$libinit$$00000015)
    __rt_lib_init_lc_numeric_1               0x1000107b   Thumb Code     0  libinit2.o(.ARM.Collect$$libinit$$00000017)
    __rt_lib_init_lc_time_1                  0x1000107b   Thumb Code     0  libinit2.o(.ARM.Collect$$libinit$$00000019)
    __rt_lib_init_preinit_1                  0x1000107b   Thumb Code     0  libinit2.o(.ARM.Collect$$libinit$$00000004)
    __rt_lib_init_rand_1                     0x1000107b   Thumb Code     0  libinit2.o(.ARM.Collect$$libinit$$0000000E)
    __rt_lib_init_return                     0x1000107b   Thumb Code     0  libinit2.o(.ARM.Collect$$libinit$$00000033)
    __rt_lib_init_signal_1                   0x1000107b   Thumb Code     0  libinit2.o(.ARM.Collect$$libinit$$0000001D)
    __rt_lib_init_stdio_1                    0x1000107b   Thumb Code     0  libinit2.o(.ARM.Collect$$libinit$$00000025)
    __rt_lib_init_user_alloc_1               0x1000107b   Thumb Code     0  libinit2.o(.ARM.Collect$$libinit$$0000000C)
    __rt_lib_shutdown                        0x1000107d   Thumb Code     0  libshutdown.o(.ARM.Collect$$libshutdown$$00000000)
    __rt_lib_shutdown_cpp_1                  0x1000107f   Thumb Code     0  libshutdown2.o(.ARM.Collect$$libshutdown$$00000002)
    __rt_lib_shutdown_fp_trap_1              0x1000107f   Thumb Code     0  libshutdown2.o(.ARM.Collect$$libshutdown$$00000007)
    __rt_lib_shutdown_heap_1                 0x1000107f   Thumb Code     0  libshutdown2.o(.ARM.Collect$$libshutdown$$0000000F)
    __rt_lib_shutdown_return                 0x1000107f   Thumb Code     0  libshutdown2.o(.ARM.Collect$$libshutdown$$00000010)
    __rt_lib_shutdown_signal_1               0x1000107f   Thumb Code     0  libshutdown2.o(.ARM.Collect$$libshutdown$$0000000A)
    __rt_lib_shutdown_stdio_1                0x1000107f   Thumb Code     0  libshutdown2.o(.ARM.Collect$$libshutdown$$00000004)
    __rt_lib_shutdown_user_alloc_1           0x1000107f   Thumb Code     0  libshutdown2.o(.ARM.Collect$$libshutdown$$0000000C)
    __rt_entry                               0x10001081   Thumb Code     0  __rtentry.o(.ARM.Collect$$rtentry$$00000000)
    __rt_entry_presh_1                       0x10001081   Thumb Code     0  __rtentry2.o(.ARM.Collect$$rtentry$$00000002)
    __rt_entry_sh                            0x10001081   Thumb Code     0  __rtentry4.o(.ARM.Collect$$rtentry$$00000004)
    __rt_entry_li                            0x10001087   Thumb Code     0  __rtentry2.o(.ARM.Collect$$rtentry$$0000000A)
    __rt_entry_postsh_1                      0x10001087   Thumb Code     0  __rtentry2.o(.ARM.Collect$$rtentry$$00000009)
    __rt_entry_main                          0x1000108b   Thumb Code     0  __rtentry2.o(.ARM.Collect$$rtentry$$0000000D)
    __rt_entry_postli_1                      0x1000108b   Thumb Code     0  __rtentry2.o(.ARM.Collect$$rtentry$$0000000C)
    __rt_exit                                0x10001093   Thumb Code     0  rtexit.o(.ARM.Collect$$rtexit$$00000000)
    __rt_exit_ls                             0x10001095   Thumb Code     0  rtexit2.o(.ARM.Collect$$rtexit$$00000003)
    __rt_exit_prels_1                        0x10001095   Thumb Code     0  rtexit2.o(.ARM.Collect$$rtexit$$00000002)
    __rt_exit_exit                           0x10001099   Thumb Code     0  rtexit2.o(.ARM.Collect$$rtexit$$00000004)
    __asm___6_port_c_39a90d8d__prvPortStartFirstTask 0x100010a1   Thumb Code    36  port.o(.emb_text)
    ulSetInterruptMaskFromISR                0x100010c9   Thumb Code     8  port.o(.emb_text)
    vClearInterruptMaskFromISR               0x100010d1   Thumb Code     6  port.o(.emb_text)
    PendSV_Handler                           0x100010d7   Thumb Code    62  port.o(.emb_text)
    __aeabi_memcpy4                          0x10001119   Thumb Code    56  rt_memcpy.o(.emb_text)
    __aeabi_memcpy8                          0x10001119   Thumb Code     0  rt_memcpy.o(.emb_text)
    Reset_Handler                            0x10001151   Thumb Code    32  startup_xmc1000.o(.text)
    NMI_Handler                              0x10001171   Thumb Code     2  startup_xmc1000.o(.text)
    HardFault_Handler                        0x10001173   Thumb Code     2  startup_xmc1000.o(.text)
    SVC_Handler                              0x10001175   Thumb Code     2  startup_xmc1000.o(.text)
    BCCU0_0_IRQHandler                       0x1000117b   Thumb Code     0  startup_xmc1000.o(.text)
    CCU40_0_IRQHandler                       0x1000117b   Thumb Code     0  startup_xmc1000.o(.text)
    CCU40_1_IRQHandler                       0x1000117b   Thumb Code     0  startup_xmc1000.o(.text)
    CCU40_2_IRQHandler                       0x1000117b   Thumb Code     0  startup_xmc1000.o(.text)
    CCU40_3_IRQHandler                       0x1000117b   Thumb Code     0  startup_xmc1000.o(.text)
    CCU80_0_IRQHandler                       0x1000117b   Thumb Code     0  startup_xmc1000.o(.text)
    CCU80_1_IRQHandler                       0x1000117b   Thumb Code     0  startup_xmc1000.o(.text)
    ERU0_0_IRQHandler                        0x1000117b   Thumb Code     0  startup_xmc1000.o(.text)
    ERU0_1_IRQHandler                        0x1000117b   Thumb Code     0  startup_xmc1000.o(.text)
    ERU0_2_IRQHandler                        0x1000117b   Thumb Code     0  startup_xmc1000.o(.text)
    ERU0_3_IRQHandler                        0x1000117b   Thumb Code     0  startup_xmc1000.o(.text)
    LEDTS0_0_IRQHandler                      0x1000117b   Thumb Code     0  startup_xmc1000.o(.text)
    LEDTS1_0_IRQHandler                      0x1000117b   Thumb Code     0  startup_xmc1000.o(.text)
    MATH0_0_IRQHandler                       0x1000117b   Thumb Code     0  startup_xmc1000.o(.text)
    POSIF0_0_IRQHandler                      0x1000117b   Thumb Code     0  startup_xmc1000.o(.text)
    POSIF0_1_IRQHandler                      0x1000117b   Thumb Code     0  startup_xmc1000.o(.text)
    SCU_0_IRQHandler                         0x1000117b   Thumb Code     0  startup_xmc1000.o(.text)
    SCU_1_IRQHandler                         0x1000117b   Thumb Code     0  startup_xmc1000.o(.text)
    SCU_2_IRQHandler                         0x1000117b   Thumb Code     0  startup_xmc1000.o(.text)
    USIC0_0_IRQHandler                       0x1000117b   Thumb Code     0  startup_xmc1000.o(.text)
    USIC0_1_IRQHandler                       0x1000117b   Thumb Code     0  startup_xmc1000.o(.text)
    USIC0_2_IRQHandler                       0x1000117b   Thumb Code     0  startup_xmc1000.o(.text)
    USIC0_3_IRQHandler                       0x1000117b   Thumb Code     0  startup_xmc1000.o(.text)
    USIC0_4_IRQHandler                       0x1000117b   Thumb Code     0  startup_xmc1000.o(.text)
    USIC0_5_IRQHandler                       0x1000117b   Thumb Code     0  startup_xmc1000.o(.text)
    VADC0_C0_0_IRQHandler                    0x1000117b   Thumb Code     0  startup_xmc1000.o(.text)
    VADC0_C0_1_IRQHandler                    0x1000117b   Thumb Code     0  startup_xmc1000.o(.text)
    VADC0_G0_0_IRQHandler                    0x1000117b   Thumb Code     0  startup_xmc1000.o(.text)
    VADC0_G0_1_IRQHandler                    0x1000117b   Thumb Code     0  startup_xmc1000.o(.text)
    VADC0_G1_0_IRQHandler                    0x1000117b   Thumb Code     0  startup_xmc1000.o(.text)
    VADC0_G1_1_IRQHandler                    0x1000117b   Thumb Code     0  startup_xmc1000.o(.text)
    SystemInit_DAVE3                         0x1000117d   Thumb Code     4  startup_xmc1000.o(.text)
    AllowClkInitByStartup                    0x10001181   Thumb Code     4  startup_xmc1000.o(.text)
    __user_initial_stackheap                 0x10001185   Thumb Code     0  startup_xmc1000.o(.text)
    SystemInit                               0x100011b5   Thumb Code     8  system_xmc1300.o(.text)
    SystemCoreClockUpdate                    0x100011bd   Thumb Code    54  system_xmc1300.o(.text)
    xTimerGenericCommand                     0x10001235   Thumb Code    76  timers.o(.text)
    xTimerCreateTimerTask                    0x100012e7   Thumb Code    46  timers.o(.text)
    xTimerCreate                             0x10001315   Thumb Code    66  timers.o(.text)
    xTimerGetTimerDaemonTaskHandle           0x10001357   Thumb Code    14  timers.o(.text)
    xTimerGetPeriod                          0x10001365   Thumb Code    12  timers.o(.text)
    xTimerGetExpiryTime                      0x10001371   Thumb Code    12  timers.o(.text)
    pcTimerGetName                           0x1000137d   Thumb Code    12  timers.o(.text)
    xTimerIsTimerActive                      0x10001389   Thumb Code    34  timers.o(.text)
    pvTimerGetTimerID                        0x100013ab   Thumb Code    24  timers.o(.text)
    vTimerSetTimerID                         0x100013c3   Thumb Code    24  timers.o(.text)
    vListInitialise                          0x100015b5   Thumb Code    22  list.o(.text)
    vListInitialiseItem                      0x100015cb   Thumb Code     6  list.o(.text)
    vListInsertEnd                           0x100015d1   Thumb Code    24  list.o(.text)
    vListInsert                              0x100015e9   Thumb Code    48  list.o(.text)
    uxListRemove                             0x10001619   Thumb Code    36  list.o(.text)
    xQueueGenericReset                       0x1000163d   Thumb Code   110  queue.o(.text)
    xQueueGenericCreate                      0x100016ab   Thumb Code    72  queue.o(.text)
    xQueueGenericSend                        0x1000183f   Thumb Code   302  queue.o(.text)
    xQueueCreateMutex                        0x1000196d   Thumb Code    36  queue.o(.text)
    xQueueGiveMutexRecursive                 0x10001991   Thumb Code    50  queue.o(.text)
    xQueueGenericReceive                     0x100019e9   Thumb Code   312  queue.o(.text)
    xQueueTakeMutexRecursive                 0x10001b21   Thumb Code    56  queue.o(.text)
    xQueueCreateCountingSemaphore            0x10001b59   Thumb Code    36  queue.o(.text)
    xQueueGenericSendFromISR                 0x10001b7d   Thumb Code   156  queue.o(.text)
    xQueueGiveFromISR                        0x10001c19   Thumb Code   132  queue.o(.text)
    xQueueReceiveFromISR                     0x10001c9d   Thumb Code   120  queue.o(.text)
    xQueuePeekFromISR                        0x10001d15   Thumb Code    76  queue.o(.text)
    uxQueueMessagesWaiting                   0x10001d61   Thumb Code    24  queue.o(.text)
    uxQueueSpacesAvailable                   0x10001d79   Thumb Code    28  queue.o(.text)
    uxQueueMessagesWaitingFromISR            0x10001d95   Thumb Code    12  queue.o(.text)
    vQueueUnregisterQueue                    0x10001da1   Thumb Code    34  queue.o(.text)
    vQueueDelete                             0x10001dc3   Thumb Code    22  queue.o(.text)
    uxQueueGetQueueNumber                    0x10001dd9   Thumb Code     4  queue.o(.text)
    vQueueSetQueueNumber                     0x10001ddd   Thumb Code     4  queue.o(.text)
    ucQueueGetQueueType                      0x10001de1   Thumb Code     6  queue.o(.text)
    xQueueIsQueueEmptyFromISR                0x10001de7   Thumb Code    22  queue.o(.text)
    xQueueIsQueueFullFromISR                 0x10001dfd   Thumb Code    24  queue.o(.text)
    vQueueAddToRegistry                      0x10001e15   Thumb Code    32  queue.o(.text)
    pcQueueGetName                           0x10001e35   Thumb Code    34  queue.o(.text)
    vQueueWaitForMessageRestricted           0x10001e57   Thumb Code    68  queue.o(.text)
    xQueueCreateSet                          0x10001e9b   Thumb Code    12  queue.o(.text)
    xQueueAddToSet                           0x10001ea7   Thumb Code    38  queue.o(.text)
    xQueueRemoveFromSet                      0x10001ecd   Thumb Code    36  queue.o(.text)
    xQueueSelectFromSet                      0x10001ef1   Thumb Code    18  queue.o(.text)
    xQueueSelectFromSetFromISR               0x10001f03   Thumb Code    18  queue.o(.text)
    xTaskCreate                              0x10001fe7   Thumb Code    78  tasks.o(.text)
    vTaskDelete                              0x10002035   Thumb Code   114  tasks.o(.text)
    xTaskIncrementTick                       0x100020a7   Thumb Code   192  tasks.o(.text)
    xTaskResumeAll                           0x10002167   Thumb Code   162  tasks.o(.text)
    vTaskSuspendAll                          0x10002259   Thumb Code    10  tasks.o(.text)
    vTaskDelayUntil                          0x10002263   Thumb Code    94  tasks.o(.text)
    vTaskDelay                               0x100022c1   Thumb Code    44  tasks.o(.text)
    eTaskGetState                            0x100022ed   Thumb Code    92  tasks.o(.text)
    uxTaskPriorityGet                        0x10002349   Thumb Code    26  tasks.o(.text)
    uxTaskPriorityGetFromISR                 0x10002363   Thumb Code    26  tasks.o(.text)
    vTaskPrioritySet                         0x1000237d   Thumb Code   140  tasks.o(.text)
    vTaskSwitchContext                       0x10002409   Thumb Code   120  tasks.o(.text)
    vTaskSuspend                             0x10002481   Thumb Code   116  tasks.o(.text)
    vTaskResume                              0x100024f5   Thumb Code    84  tasks.o(.text)
    xTaskResumeFromISR                       0x10002549   Thumb Code   100  tasks.o(.text)
    vTaskStartScheduler                      0x100025c1   Thumb Code    66  tasks.o(.text)
    vTaskEndScheduler                        0x10002603   Thumb Code    16  tasks.o(.text)
    xTaskGetTickCount                        0x10002613   Thumb Code     6  tasks.o(.text)
    xTaskGetTickCountFromISR                 0x10002619   Thumb Code     6  tasks.o(.text)
    uxTaskGetNumberOfTasks                   0x1000261f   Thumb Code     6  tasks.o(.text)
    pcTaskGetName                            0x10002625   Thumb Code    20  tasks.o(.text)
    vTaskGetInfo                             0x10002639   Thumb Code   120  tasks.o(.text)
    uxTaskGetSystemState                     0x10002721   Thumb Code   138  tasks.o(.text)
    vTaskPlaceOnEventList                    0x100027ab   Thumb Code    32  tasks.o(.text)
    vTaskPlaceOnUnorderedEventList           0x100027cb   Thumb Code    52  tasks.o(.text)
    vTaskPlaceOnEventListRestricted          0x100027ff   Thumb Code    42  tasks.o(.text)
    xTaskRemoveFromEventList                 0x10002829   Thumb Code    90  tasks.o(.text)
    xTaskRemoveFromUnorderedEventList        0x10002883   Thumb Code    86  tasks.o(.text)
    vTaskSetTimeOutState                     0x100028d9   Thumb Code    20  tasks.o(.text)
    xTaskCheckForTimeOut                     0x100028ed   Thumb Code    80  tasks.o(.text)
    vTaskMissedYield                         0x1000293d   Thumb Code     8  tasks.o(.text)
    uxTaskGetTaskNumber                      0x10002945   Thumb Code     8  tasks.o(.text)
    vTaskSetTaskNumber                       0x1000294d   Thumb Code     8  tasks.o(.text)
    xTaskGetCurrentTaskHandle                0x10002955   Thumb Code     6  tasks.o(.text)
    xTaskGetSchedulerState                   0x1000295b   Thumb Code    26  tasks.o(.text)
    vTaskPriorityInherit                     0x10002975   Thumb Code    92  tasks.o(.text)
    xTaskPriorityDisinherit                  0x100029d1   Thumb Code    92  tasks.o(.text)
    uxTaskResetEventItemValue                0x10002a2d   Thumb Code    20  tasks.o(.text)
    pvTaskIncrementMutexHeldCount            0x10002a41   Thumb Code    20  tasks.o(.text)
    ulTaskNotifyTake                         0x10002a55   Thumb Code    90  tasks.o(.text)
    xTaskNotifyWait                          0x10002aaf   Thumb Code   126  tasks.o(.text)
    xTaskGenericNotify                       0x10002b2d   Thumb Code   154  tasks.o(.text)
    xTaskGenericNotifyFromISR                0x10002bc7   Thumb Code   184  tasks.o(.text)
    vTaskNotifyGiveFromISR                   0x10002c7f   Thumb Code   130  tasks.o(.text)
    xTaskNotifyStateClear                    0x10002d01   Thumb Code    42  tasks.o(.text)
    pxPortInitialiseStack                    0x10002e6b   Thumb Code    28  port.o(.text)
    vPortSVCHandler                          0x10002e87   Thumb Code     2  port.o(.text)
    xPortStartScheduler                      0x10002e89   Thumb Code    58  port.o(.text)
    vPortEndScheduler                        0x10002ec3   Thumb Code    18  port.o(.text)
    vPortYield                               0x10002ed5   Thumb Code    18  port.o(.text)
    vPortEnterCritical                       0x10002ee7   Thumb Code    20  port.o(.text)
    vPortExitCritical                        0x10002efb   Thumb Code    22  port.o(.text)
    SysTick_Handler                          0x10002f11   Thumb Code    32  port.o(.text)
    pvPortMalloc                             0x10002f8d   Thumb Code   180  heap_4.o(.text)
    vPortFree                                0x10003041   Thumb Code    64  heap_4.o(.text)
    xPortGetFreeHeapSize                     0x10003081   Thumb Code     8  heap_4.o(.text)
    xPortGetMinimumEverFreeHeapSize          0x10003089   Thumb Code     8  heap_4.o(.text)
    vPortInitialiseBlocks                    0x10003091   Thumb Code     2  heap_4.o(.text)
    main                                     0x100030d9   Thumb Code    18  main.o(.text)
    vApplicationMallocFailedHook             0x100030eb   Thumb Code     4  main.o(.text)
    vApplicationIdleHook                     0x100030ef   Thumb Code     2  main.o(.text)
    vApplicationStackOverflowHook            0x100030f1   Thumb Code     4  main.o(.text)
    vApplicationTickHook                     0x100030f5   Thumb Code     2  main.o(.text)
    main_blinky                              0x10003155   Thumb Code    64  main-blinky.o(.text)
    vParTestSetLED                           0x100031ad   Thumb Code    26  partest_xmc1300.o(.text)
    vParTestInitialise                       0x100031c7   Thumb Code   128  partest_xmc1300.o(.text)
    vParTestToggleLED                        0x10003247   Thumb Code    20  partest_xmc1300.o(.text)
    __aeabi_memcpy                           0x10003265   Thumb Code   130  rt_memcpy.o(.text)
    __rt_memcpy                              0x10003265   Thumb Code     0  rt_memcpy.o(.text)
    __aeabi_memset                           0x100032e7   Thumb Code    18  aeabi_memset.o(.text)
    __aeabi_uidiv                            0x100032f9   Thumb Code     0  aeabi_sdiv.o(.text)
    __aeabi_uidivmod                         0x100032f9   Thumb Code    20  aeabi_sdiv.o(.text)
    __aeabi_idiv                             0x1000330d   Thumb Code     0  aeabi_sdiv.o(.text)
    __aeabi_idivmod                          0x1000330d   Thumb Code   326  aeabi_sdiv.o(.text)
    __use_two_region_memory                  0x10003453   Thumb Code     2  heapauxi.o(.text)
    __rt_heap_escrow$2region                 0x10003455   Thumb Code     2  heapauxi.o(.text)
    __rt_heap_expand$2region                 0x10003457   Thumb Code     2  heapauxi.o(.text)
    _memset_w                                0x10003459   Thumb Code    26  rt_memclr.o(.text)
    _memset                                  0x10003473   Thumb Code    30  rt_memclr.o(.text)
    __aeabi_memclr                           0x10003491   Thumb Code     4  rt_memclr.o(.text)
    __rt_memclr                              0x10003491   Thumb Code     0  rt_memclr.o(.text)
    __aeabi_memclr4                          0x10003495   Thumb Code     0  rt_memclr.o(.text)
    __aeabi_memclr8                          0x10003495   Thumb Code     0  rt_memclr.o(.text)
    __rt_memclr_w                            0x10003495   Thumb Code     4  rt_memclr.o(.text)
    __user_setup_stackheap                   0x10003499   Thumb Code    62  sys_stackheap_outer.o(.text)
    exit                                     0x100034d7   Thumb Code    16  exit.o(.text)
    __user_libspace                          0x100034e9   Thumb Code     8  libspace.o(.text)
    __user_perproc_libspace                  0x100034e9   Thumb Code     0  libspace.o(.text)
    __user_perthread_libspace                0x100034e9   Thumb Code     0  libspace.o(.text)
    _sys_exit                                0x100034f1   Thumb Code     8  sys_exit.o(.text)
    __I$use$semihosting                      0x100034fd   Thumb Code     0  use_no_semi.o(.text)
    __use_no_semihosting_swi                 0x100034fd   Thumb Code     2  use_no_semi.o(.text)
    __decompress                             0x100034ff   Thumb Code     0  __dczerorl2.o(.text)
    __decompress1                            0x100034ff   Thumb Code    86  __dczerorl2.o(.text)
    __semihosting_library_function           0x100034ff   Thumb Code     0  indicate_semi.o(.text)
    __ARM_common_switch8                     0x10003555   Thumb Code    26  timers.o(i.__ARM_common_switch8)
    Region$$Table$$Base                      0x10003584   Number         0  anon$$obj.o(Region$$Table)
    Region$$Table$$Limit                     0x100035a4   Number         0  anon$$obj.o(Region$$Table)
    SystemCoreClock                          0x2000017c   Data           4  system_xmc1300.o(.data)
    pxCurrentTCB                             0x20000194   Data           4  tasks.o(.data)
    xQueueRegistry                           0x20000218   Data          64  queue.o(.bss)
    __libspace_start                         0x20002e18   Data          96  libspace.o(.bss)
    __temporary_stack_top$libspace           0x20002e78   Data           0  libspace.o(.bss)



==============================================================================

Memory Map of the image

  Image Entry point : 0x10001019

  Load Region LR_IROM1 (Base: 0x10001000, Size: 0x00002794, Max: 0x00032000, ABSOLUTE, COMPRESSED[0x00002600])

    Execution Region ER_IROM1 (Base: 0x10001000, Size: 0x000025a4, Max: 0x00032000, ABSOLUTE)

    Base Addr    Size         Type   Attr      Idx    E Section Name        Object

    0x10001000   0x00000018   Data   RO            3    RESET               startup_xmc1000.o
    0x10001018   0x00000008   Code   RO          413  * !!!main             c_p.l(__main.o)
    0x10001020   0x0000003c   Code   RO          586    !!!scatter          c_p.l(__scatter.o)
    0x1000105c   0x0000001c   Code   RO          588    !!handler_zi        c_p.l(__scatter_zi.o)
    0x10001078   0x00000002   Code   RO          453    .ARM.Collect$$libinit$$00000000  c_p.l(libinit.o)
    0x1000107a   0x00000000   Code   RO          467    .ARM.Collect$$libinit$$00000002  c_p.l(libinit2.o)
    0x1000107a   0x00000000   Code   RO          469    .ARM.Collect$$libinit$$00000004  c_p.l(libinit2.o)
    0x1000107a   0x00000000   Code   RO          472    .ARM.Collect$$libinit$$0000000A  c_p.l(libinit2.o)
    0x1000107a   0x00000000   Code   RO          474    .ARM.Collect$$libinit$$0000000C  c_p.l(libinit2.o)
    0x1000107a   0x00000000   Code   RO          476    .ARM.Collect$$libinit$$0000000E  c_p.l(libinit2.o)
    0x1000107a   0x00000000   Code   RO          479    .ARM.Collect$$libinit$$00000011  c_p.l(libinit2.o)
    0x1000107a   0x00000000   Code   RO          481    .ARM.Collect$$libinit$$00000013  c_p.l(libinit2.o)
    0x1000107a   0x00000000   Code   RO          483    .ARM.Collect$$libinit$$00000015  c_p.l(libinit2.o)
    0x1000107a   0x00000000   Code   RO          485    .ARM.Collect$$libinit$$00000017  c_p.l(libinit2.o)
    0x1000107a   0x00000000   Code   RO          487    .ARM.Collect$$libinit$$00000019  c_p.l(libinit2.o)
    0x1000107a   0x00000000   Code   RO          489    .ARM.Collect$$libinit$$0000001B  c_p.l(libinit2.o)
    0x1000107a   0x00000000   Code   RO          491    .ARM.Collect$$libinit$$0000001D  c_p.l(libinit2.o)
    0x1000107a   0x00000000   Code   RO          493    .ARM.Collect$$libinit$$0000001F  c_p.l(libinit2.o)
    0x1000107a   0x00000000   Code   RO          495    .ARM.Collect$$libinit$$00000021  c_p.l(libinit2.o)
    0x1000107a   0x00000000   Code   RO          497    .ARM.Collect$$libinit$$00000023  c_p.l(libinit2.o)
    0x1000107a   0x00000000   Code   RO          499    .ARM.Collect$$libinit$$00000025  c_p.l(libinit2.o)
    0x1000107a   0x00000000   Code   RO          503    .ARM.Collect$$libinit$$0000002C  c_p.l(libinit2.o)
    0x1000107a   0x00000000   Code   RO          505    .ARM.Collect$$libinit$$0000002E  c_p.l(libinit2.o)
    0x1000107a   0x00000000   Code   RO          507    .ARM.Collect$$libinit$$00000030  c_p.l(libinit2.o)
    0x1000107a   0x00000000   Code   RO          509    .ARM.Collect$$libinit$$00000032  c_p.l(libinit2.o)
    0x1000107a   0x00000002   Code   RO          510    .ARM.Collect$$libinit$$00000033  c_p.l(libinit2.o)
    0x1000107c   0x00000002   Code   RO          541    .ARM.Collect$$libshutdown$$00000000  c_p.l(libshutdown.o)
    0x1000107e   0x00000000   Code   RO          567    .ARM.Collect$$libshutdown$$00000002  c_p.l(libshutdown2.o)
    0x1000107e   0x00000000   Code   RO          569    .ARM.Collect$$libshutdown$$00000004  c_p.l(libshutdown2.o)
    0x1000107e   0x00000000   Code   RO          572    .ARM.Collect$$libshutdown$$00000007  c_p.l(libshutdown2.o)
    0x1000107e   0x00000000   Code   RO          575    .ARM.Collect$$libshutdown$$0000000A  c_p.l(libshutdown2.o)
    0x1000107e   0x00000000   Code   RO          577    .ARM.Collect$$libshutdown$$0000000C  c_p.l(libshutdown2.o)
    0x1000107e   0x00000000   Code   RO          580    .ARM.Collect$$libshutdown$$0000000F  c_p.l(libshutdown2.o)
    0x1000107e   0x00000002   Code   RO          581    .ARM.Collect$$libshutdown$$00000010  c_p.l(libshutdown2.o)
    0x10001080   0x00000000   Code   RO          415    .ARM.Collect$$rtentry$$00000000  c_p.l(__rtentry.o)
    0x10001080   0x00000000   Code   RO          423    .ARM.Collect$$rtentry$$00000002  c_p.l(__rtentry2.o)
    0x10001080   0x00000006   Code   RO          435    .ARM.Collect$$rtentry$$00000004  c_p.l(__rtentry4.o)
    0x10001086   0x00000000   Code   RO          425    .ARM.Collect$$rtentry$$00000009  c_p.l(__rtentry2.o)
    0x10001086   0x00000004   Code   RO          426    .ARM.Collect$$rtentry$$0000000A  c_p.l(__rtentry2.o)
    0x1000108a   0x00000000   Code   RO          428    .ARM.Collect$$rtentry$$0000000C  c_p.l(__rtentry2.o)
    0x1000108a   0x00000008   Code   RO          429    .ARM.Collect$$rtentry$$0000000D  c_p.l(__rtentry2.o)
    0x10001092   0x00000002   Code   RO          458    .ARM.Collect$$rtexit$$00000000  c_p.l(rtexit.o)
    0x10001094   0x00000000   Code   RO          514    .ARM.Collect$$rtexit$$00000002  c_p.l(rtexit2.o)
    0x10001094   0x00000004   Code   RO          515    .ARM.Collect$$rtexit$$00000003  c_p.l(rtexit2.o)
    0x10001098   0x00000006   Code   RO          516    .ARM.Collect$$rtexit$$00000004  c_p.l(rtexit2.o)
    0x1000109e   0x00000002   PAD
    0x100010a0   0x00000078   Code   RO          162    .emb_text           port.o
    0x10001118   0x00000038   Code   RO          401    .emb_text           c_p.l(rt_memcpy.o)
    0x10001150   0x00000064   Code   RO            4    .text               startup_xmc1000.o
    0x100011b4   0x0000004c   Code   RO           15    .text               system_xmc1300.o
    0x10001200   0x000003b4   Code   RO           55    .text               timers.o
    0x100015b4   0x00000088   Code   RO          112    .text               list.o
    0x1000163c   0x000008f8   Code   RO          124    .text               queue.o
    0x10001f34   0x00000f28   Code   RO          142    .text               tasks.o
    0x10002e5c   0x000000e8   Code   RO          163    .text               port.o
    0x10002f44   0x00000194   Code   RO          186    .text               heap_4.o
    0x100030d8   0x0000001e   Code   RO          201    .text               main.o
    0x100030f6   0x00000002   PAD
    0x100030f8   0x000000b4   Code   RO          231    .text               main-blinky.o
    0x100031ac   0x000000b8   Code   RO          281    .text               partest_xmc1300.o
    0x10003264   0x00000082   Code   RO          402    .text               c_p.l(rt_memcpy.o)
    0x100032e6   0x00000012   Code   RO          405    .text               c_p.l(aeabi_memset.o)
    0x100032f8   0x0000015a   Code   RO          407    .text               c_p.l(aeabi_sdiv.o)
    0x10003452   0x00000006   Code   RO          411    .text               c_p.l(heapauxi.o)
    0x10003458   0x00000040   Code   RO          420    .text               c_p.l(rt_memclr.o)
    0x10003498   0x0000003e   Code   RO          439    .text               c_p.l(sys_stackheap_outer.o)
    0x100034d6   0x00000010   Code   RO          442    .text               c_p.l(exit.o)
    0x100034e6   0x00000002   PAD
    0x100034e8   0x00000008   Code   RO          454    .text               c_p.l(libspace.o)
    0x100034f0   0x0000000c   Code   RO          511    .text               c_p.l(sys_exit.o)
    0x100034fc   0x00000002   Code   RO          530    .text               c_p.l(use_no_semi.o)
    0x100034fe   0x00000000   Code   RO          532    .text               c_p.l(indicate_semi.o)
    0x100034fe   0x00000056   Code   RO          584    .text               c_p.l(__dczerorl2.o)
    0x10003554   0x0000001a   Code   RO           67    i.__ARM_common_switch8  timers.o
    0x1000356e   0x00000002   PAD
    0x10003570   0x00000014   Data   RO          282    .constdata          partest_xmc1300.o
    0x10003584   0x00000020   Data   RO          582    Region$$Table       anon$$obj.o


    Execution Region RW_IRAM1 (Base: 0x20000000, Size: 0x00003278, Max: 0x00004000, ABSOLUTE, COMPRESSED[0x0000005c])

    Base Addr    Size         Type   Attr      Idx    E Section Name        Object

    0x20000000   0x0000017c   Code   RW            5    .ARM.__at_0x20000000  startup_xmc1000.o
    0x2000017c   0x00000004   Data   RW           16    .data               system_xmc1300.o
    0x20000180   0x00000014   Data   RW           57    .data               timers.o
    0x20000194   0x0000003c   Data   RW          144    .data               tasks.o
    0x200001d0   0x00000004   Data   RW          164    .data               port.o
    0x200001d4   0x00000018   Data   RW          188    .data               heap_4.o
    0x200001ec   0x00000004   Data   RW          232    .data               main-blinky.o
    0x200001f0   0x00000028   Zero   RW           56    .bss                timers.o
    0x20000218   0x00000040   Zero   RW          125    .bss                queue.o
    0x20000258   0x000000c8   Zero   RW          143    .bss                tasks.o
    0x20000320   0x00002af8   Zero   RW          187    .bss                heap_4.o
    0x20002e18   0x00000060   Zero   RW          455    .bss                c_p.l(libspace.o)
    0x20002e78   0x00000000   Zero   RW            2    HEAP                startup_xmc1000.o
    0x20002e78   0x00000400   Zero   RW            1    STACK               startup_xmc1000.o


==============================================================================

Image component sizes


      Code (inc. data)   RO Data    RW Data    ZI Data      Debug   Object Name

       404         12          0         24      11000       3460   heap_4.o
       136          0          0          0          0       1854   list.o
       180         24          0          4          0       1142   main-blinky.o
        30          0          0          0          0       1632   main.o
       184         10         20          0          0       1780   partest_xmc1300.o
       352         30          0          4          0       3842   port.o
      2296          4          0          0         64      16930   queue.o
       480        228         24          0       1024       1164   startup_xmc1000.o
        76         14          0          4          0       6233   system_xmc1300.o
      3880         68          0         60        200      24140   tasks.o
       974         42          0         20         40      23771   timers.o

    ----------------------------------------------------------------------
      8996        432         76        116      12328      85948   Object Totals
         0          0         32          0          0          0   (incl. Generated)
         4          0          0          0          0          0   (incl. Padding)

    ----------------------------------------------------------------------

      Code (inc. data)   RO Data    RW Data    ZI Data      Debug   Library Member Name

        86          0          0          0          0          0   __dczerorl2.o
         8          0          0          0          0         68   __main.o
         0          0          0          0          0          0   __rtentry.o
        12          0          0          0          0          0   __rtentry2.o
         6          0          0          0          0          0   __rtentry4.o
        60          8          0          0          0          0   __scatter.o
        28          0          0          0          0          0   __scatter_zi.o
        18          0          0          0          0         68   aeabi_memset.o
       346          0          0          0          0         92   aeabi_sdiv.o
        16          0          0          0          0         68   exit.o
         6          0          0          0          0        136   heapauxi.o
         0          0          0          0          0          0   indicate_semi.o
         2          0          0          0          0          0   libinit.o
         2          0          0          0          0          0   libinit2.o
         2          0          0          0          0          0   libshutdown.o
         2          0          0          0          0          0   libshutdown2.o
         8          4          0          0         96         68   libspace.o
        64          0          0          0          0        108   rt_memclr.o
       186          0          0          0          0        144   rt_memcpy.o
         2          0          0          0          0          0   rtexit.o
        10          0          0          0          0          0   rtexit2.o
        12          4          0          0          0         60   sys_exit.o
        62          0          0          0          0         80   sys_stackheap_outer.o
         2          0          0          0          0         68   use_no_semi.o

    ----------------------------------------------------------------------
       944         16          0          0         96        960   Library Totals
         4          0          0          0          0          0   (incl. Padding)

    ----------------------------------------------------------------------

      Code (inc. data)   RO Data    RW Data    ZI Data      Debug   Library Name

       940         16          0          0         96        960   c_p.l

    ----------------------------------------------------------------------
       944         16          0          0         96        960   Library Totals

    ----------------------------------------------------------------------

==============================================================================


      Code (inc. data)   RO Data    RW Data    ZI Data      Debug   

      9940        448         76        116      12424      85432   Grand Totals
      9940        448         76         92      12424      85432   ELF Image Totals (compressed)
      9940        448         76         92          0          0   ROM Totals

==============================================================================

    Total RO  Size (Code + RO Data)                10016 (   9.78kB)
    Total RW  Size (RW Data + ZI Data)             12540 (  12.25kB)
    Total ROM Size (Code + RO Data + RW Data)      10108 (   9.87kB)

==============================================================================

