Component: ARM Compiler 5.06 update 2 (build 183) Tool: armlink [4d35b7]

==============================================================================

Removing Unused input sections from the image.

    Removing system_nuc100series.o(.rev16_text), (4 bytes).
    Removing system_nuc100series.o(.revsh_text), (4 bytes).
    Removing main-full.o(.text), (556 bytes).
    Removing main-full.o(.data), (24 bytes).
    Removing regtest_keil.o(.text), (260 bytes).
    Removing partest_xmc1300.o(.rev16_text), (4 bytes).
    Removing partest_xmc1300.o(.revsh_text), (4 bytes).
    Removing partest_xmc1300.o(.constdata), (20 bytes).
    Removing retarget.o(.rev16_text), (4 bytes).
    Removing retarget.o(.revsh_text), (4 bytes).
    Removing dynamic.o(.text), (828 bytes).
    Removing dynamic.o(.data), (44 bytes).
    Removing recmutex.o(.text), (804 bytes).
    Removing recmutex.o(.data), (48 bytes).
    Removing blocktim.o(.text), (1144 bytes).
    Removing blocktim.o(.data), (32 bytes).
    Removing countsem.o(.text), (564 bytes).
    Removing countsem.o(.bss), (24 bytes).
    Removing countsem.o(.data), (12 bytes).
    Removing queueset.o(.text), (1292 bytes).
    Removing queueset.o(.bss), (36 bytes).
    Removing queueset.o(.data), (64 bytes).
    Removing queueoverwrite.o(.text), (428 bytes).
    Removing queueoverwrite.o(.data), (16 bytes).

24 unused section(s) (total 6220 bytes) removed from the image.

==============================================================================

Memory Map of the image

  Image entry point : Not specified.

  Load Region LR_IROM1 (Base: 0x00000000, Size: 0x00003648, Max: 0x00020000, ABSOLUTE)

    Execution Region ER_IROM1 (Base: 0x00000000, Size: 0x000035a4, Max: 0x00020000, ABSOLUTE)

    Base Addr    Size         Type   Attr      Idx    E Section Name        Object

    0x00000000   0x000000c0   Data   RO          108    RESET               startup_nuc100series.o
    0x000000c0   0x00000008   Code   RO          581  * !!!main             c_p.l(__main.o)
    0x000000c8   0x0000003c   Code   RO          759    !!!scatter          c_p.l(__scatter.o)
    0x00000104   0x0000001a   Code   RO          761    !!handler_copy      c_p.l(__scatter_copy.o)
    0x0000011e   0x00000002   PAD
    0x00000120   0x0000001c   Code   RO          763    !!handler_zi        c_p.l(__scatter_zi.o)
    0x0000013c   0x00000002   Code   RO          568    .ARM.Collect$$_printf_percent$$00000000  c_p.l(_printf_percent.o)
    0x0000013e   0x0000000a   Code   RO          567    .ARM.Collect$$_printf_percent$$0000000C  c_p.l(_printf_x.o)
    0x00000148   0x00000004   Code   RO          592    .ARM.Collect$$_printf_percent$$00000017  c_p.l(_printf_percent_end.o)
    0x0000014c   0x00000002   Code   RO          630    .ARM.Collect$$libinit$$00000000  c_p.l(libinit.o)
    0x0000014e   0x00000000   Code   RO          644    .ARM.Collect$$libinit$$00000002  c_p.l(libinit2.o)
    0x0000014e   0x00000000   Code   RO          646    .ARM.Collect$$libinit$$00000004  c_p.l(libinit2.o)
    0x0000014e   0x00000000   Code   RO          649    .ARM.Collect$$libinit$$0000000A  c_p.l(libinit2.o)
    0x0000014e   0x00000000   Code   RO          651    .ARM.Collect$$libinit$$0000000C  c_p.l(libinit2.o)
    0x0000014e   0x00000000   Code   RO          653    .ARM.Collect$$libinit$$0000000E  c_p.l(libinit2.o)
    0x0000014e   0x00000000   Code   RO          656    .ARM.Collect$$libinit$$00000011  c_p.l(libinit2.o)
    0x0000014e   0x00000000   Code   RO          658    .ARM.Collect$$libinit$$00000013  c_p.l(libinit2.o)
    0x0000014e   0x00000000   Code   RO          660    .ARM.Collect$$libinit$$00000015  c_p.l(libinit2.o)
    0x0000014e   0x00000000   Code   RO          662    .ARM.Collect$$libinit$$00000017  c_p.l(libinit2.o)
    0x0000014e   0x00000000   Code   RO          664    .ARM.Collect$$libinit$$00000019  c_p.l(libinit2.o)
    0x0000014e   0x00000000   Code   RO          666    .ARM.Collect$$libinit$$0000001B  c_p.l(libinit2.o)
    0x0000014e   0x00000000   Code   RO          668    .ARM.Collect$$libinit$$0000001D  c_p.l(libinit2.o)
    0x0000014e   0x00000000   Code   RO          670    .ARM.Collect$$libinit$$0000001F  c_p.l(libinit2.o)
    0x0000014e   0x00000000   Code   RO          672    .ARM.Collect$$libinit$$00000021  c_p.l(libinit2.o)
    0x0000014e   0x00000000   Code   RO          674    .ARM.Collect$$libinit$$00000023  c_p.l(libinit2.o)
    0x0000014e   0x00000000   Code   RO          676    .ARM.Collect$$libinit$$00000025  c_p.l(libinit2.o)
    0x0000014e   0x00000000   Code   RO          680    .ARM.Collect$$libinit$$0000002C  c_p.l(libinit2.o)
    0x0000014e   0x00000000   Code   RO          682    .ARM.Collect$$libinit$$0000002E  c_p.l(libinit2.o)
    0x0000014e   0x00000000   Code   RO          684    .ARM.Collect$$libinit$$00000030  c_p.l(libinit2.o)
    0x0000014e   0x00000000   Code   RO          686    .ARM.Collect$$libinit$$00000032  c_p.l(libinit2.o)
    0x0000014e   0x00000002   Code   RO          687    .ARM.Collect$$libinit$$00000033  c_p.l(libinit2.o)
    0x00000150   0x00000002   Code   RO          716    .ARM.Collect$$libshutdown$$00000000  c_p.l(libshutdown.o)
    0x00000152   0x00000000   Code   RO          742    .ARM.Collect$$libshutdown$$00000002  c_p.l(libshutdown2.o)
    0x00000152   0x00000000   Code   RO          744    .ARM.Collect$$libshutdown$$00000004  c_p.l(libshutdown2.o)
    0x00000152   0x00000000   Code   RO          747    .ARM.Collect$$libshutdown$$00000007  c_p.l(libshutdown2.o)
    0x00000152   0x00000000   Code   RO          750    .ARM.Collect$$libshutdown$$0000000A  c_p.l(libshutdown2.o)
    0x00000152   0x00000000   Code   RO          752    .ARM.Collect$$libshutdown$$0000000C  c_p.l(libshutdown2.o)
    0x00000152   0x00000000   Code   RO          755    .ARM.Collect$$libshutdown$$0000000F  c_p.l(libshutdown2.o)
    0x00000152   0x00000002   Code   RO          756    .ARM.Collect$$libshutdown$$00000010  c_p.l(libshutdown2.o)
    0x00000154   0x00000000   Code   RO          583    .ARM.Collect$$rtentry$$00000000  c_p.l(__rtentry.o)
    0x00000154   0x00000000   Code   RO          596    .ARM.Collect$$rtentry$$00000002  c_p.l(__rtentry2.o)
    0x00000154   0x00000006   Code   RO          608    .ARM.Collect$$rtentry$$00000004  c_p.l(__rtentry4.o)
    0x0000015a   0x00000000   Code   RO          598    .ARM.Collect$$rtentry$$00000009  c_p.l(__rtentry2.o)
    0x0000015a   0x00000004   Code   RO          599    .ARM.Collect$$rtentry$$0000000A  c_p.l(__rtentry2.o)
    0x0000015e   0x00000000   Code   RO          601    .ARM.Collect$$rtentry$$0000000C  c_p.l(__rtentry2.o)
    0x0000015e   0x00000008   Code   RO          602    .ARM.Collect$$rtentry$$0000000D  c_p.l(__rtentry2.o)
    0x00000166   0x00000002   Code   RO          635    .ARM.Collect$$rtexit$$00000000  c_p.l(rtexit.o)
    0x00000168   0x00000000   Code   RO          691    .ARM.Collect$$rtexit$$00000002  c_p.l(rtexit2.o)
    0x00000168   0x00000004   Code   RO          692    .ARM.Collect$$rtexit$$00000003  c_p.l(rtexit2.o)
    0x0000016c   0x00000006   Code   RO          693    .ARM.Collect$$rtexit$$00000004  c_p.l(rtexit2.o)
    0x00000172   0x00000002   PAD
    0x00000174   0x00000078   Code   RO          219    .emb_text           port.o
    0x000001ec   0x0000001c   Code   RO          394    .emb_text           retarget.o
    0x00000208   0x00000038   Code   RO          569    .emb_text           c_p.l(rt_memcpy.o)
    0x00000240   0x000000e4   Code   RO            3    .text               system_nuc100series.o
    0x00000324   0x00000064   Code   RO          109  * .text               startup_nuc100series.o
    0x00000388   0x00000520   Code   RO          113    .text               timers.o
    0x000008a8   0x00000096   Code   RO          170    .text               list.o
    0x0000093e   0x00000002   PAD
    0x00000940   0x00000bc8   Code   RO          182    .text               queue.o
    0x00001508   0x00001458   Code   RO          200    .text               tasks.o
    0x00002960   0x00000124   Code   RO          220    .text               port.o
    0x00002a84   0x00000278   Code   RO          243    .text               heap_4.o
    0x00002cfc   0x00000026   Code   RO          258    .text               main.o
    0x00002d22   0x00000002   PAD
    0x00002d24   0x000000d8   Code   RO          288    .text               main-blinky.o
    0x00002dfc   0x0000009c   Code   RO          338    .text               partest_xmc1300.o
    0x00002e98   0x00000174   Code   RO          395    .text               retarget.o
    0x0000300c   0x0000001c   Code   RO          522    .text               c_p.l(noretval__2printf.o)
    0x00003028   0x00000058   Code   RO          529    .text               c_p.l(_printf_hex_int.o)
    0x00003080   0x0000010e   Code   RO          555    .text               c_p.l(__printf_wp.o)
    0x0000318e   0x00000082   Code   RO          570    .text               c_p.l(rt_memcpy.o)
    0x00003210   0x00000012   Code   RO          573    .text               c_p.l(aeabi_memset.o)
    0x00003222   0x0000015a   Code   RO          575    .text               c_p.l(aeabi_sdiv.o)
    0x0000337c   0x00000006   Code   RO          579    .text               c_p.l(heapauxi.o)
    0x00003382   0x000000b0   Code   RO          588    .text               c_p.l(_printf_intcommon.o)
    0x00003432   0x00000002   PAD
    0x00003434   0x00000028   Code   RO          590    .text               c_p.l(_printf_char_file.o)
    0x0000345c   0x00000040   Code   RO          593    .text               c_p.l(rt_memclr.o)
    0x0000349c   0x00000030   Code   RO          612    .text               c_p.l(_printf_char_common.o)
    0x000034cc   0x0000003e   Code   RO          614    .text               c_p.l(sys_stackheap_outer.o)
    0x0000350a   0x00000010   Code   RO          619    .text               c_p.l(exit.o)
    0x0000351a   0x00000002   PAD
    0x0000351c   0x00000008   Code   RO          631    .text               c_p.l(libspace.o)
    0x00003524   0x0000000c   Code   RO          688    .text               c_p.l(sys_exit.o)
    0x00003530   0x00000002   Code   RO          705    .text               c_p.l(use_no_semi.o)
    0x00003532   0x00000000   Code   RO          707    .text               c_p.l(indicate_semi.o)
    0x00003532   0x0000001c   Code   RO          125    i.__ARM_common_switch8  timers.o
    0x0000354e   0x0000000e   Code   RO          557    i._is_digit         c_p.l(__printf_wp.o)
    0x0000355c   0x00000028   Data   RO          530    .constdata          c_p.l(_printf_hex_int.o)
    0x00003584   0x00000020   Data   RO          757    Region$$Table       anon$$obj.o


    Execution Region RW_IRAM1 (Base: 0x20000000, Size: 0x00003130, Max: 0x00004000, ABSOLUTE)

    Base Addr    Size         Type   Attr      Idx    E Section Name        Object

    0x20000000   0x0000002c   Data   RW            4    .data               system_nuc100series.o
    0x2000002c   0x00000014   Data   RW          115    .data               timers.o
    0x20000040   0x0000003c   Data   RW          202    .data               tasks.o
    0x2000007c   0x00000004   Data   RW          221    .data               port.o
    0x20000080   0x00000018   Data   RW          245    .data               heap_4.o
    0x20000098   0x00000004   Data   RW          289    .data               main-blinky.o
    0x2000009c   0x00000008   Data   RW          396    .data               retarget.o
    0x200000a4   0x00000028   Zero   RW          114    .bss                timers.o
    0x200000cc   0x00000040   Zero   RW          183    .bss                queue.o
    0x2000010c   0x000000c8   Zero   RW          201    .bss                tasks.o
    0x200001d4   0x00002af8   Zero   RW          244    .bss                heap_4.o
    0x20002ccc   0x00000060   Zero   RW          632    .bss                c_p.l(libspace.o)
    0x20002d2c   0x00000004   PAD
    0x20002d30   0x00000000   Zero   RW          107    HEAP                startup_nuc100series.o
    0x20002d30   0x00000400   Zero   RW          106    STACK               startup_nuc100series.o


==============================================================================

Image component sizes


      Code (inc. data)   RO Data    RW Data    ZI Data      Debug   Object Name

       632         30          0         24      11000       3616   heap_4.o
       150          0          0          0          0       1830   list.o
       216         24          0          4          0       1118   main-blinky.o
        38          0          0          0          0       1188   main.o
       156         36          0          0          0      35382   partest_xmc1300.o
       412         30          0          4          0       3678   port.o
      3016          4          0          0         64      17174   queue.o
       400        128          0          8          0       4627   retarget.o
       100         46        192          0       1024        744   startup_nuc100series.o
       228         38          0         44          0      25813   system_nuc100series.o
      5208        300          0         60        200      24414   tasks.o
      1340         66          0         20         40      24159   timers.o

    ----------------------------------------------------------------------
     11900        702        224        164      12328     143743   Object Totals
         0          0         32          0          0          0   (incl. Generated)
         4          0          0          0          0          0   (incl. Padding)

    ----------------------------------------------------------------------

      Code (inc. data)   RO Data    RW Data    ZI Data      Debug   Library Member Name

         8          0          0          0          0         68   __main.o
       284          0          0          0          0        136   __printf_wp.o
         0          0          0          0          0          0   __rtentry.o
        12          0          0          0          0          0   __rtentry2.o
         6          0          0          0          0          0   __rtentry4.o
        60          8          0          0          0          0   __scatter.o
        26          0          0          0          0          0   __scatter_copy.o
        28          0          0          0          0          0   __scatter_zi.o
        48          6          0          0          0         88   _printf_char_common.o
        40          6          0          0          0         72   _printf_char_file.o
        88          4         40          0          0         72   _printf_hex_int.o
       176          0          0          0          0         84   _printf_intcommon.o
         2          0          0          0          0          0   _printf_percent.o
         4          0          0          0          0          0   _printf_percent_end.o
        10          0          0          0          0          0   _printf_x.o
        18          0          0          0          0         68   aeabi_memset.o
       346          0          0          0          0         92   aeabi_sdiv.o
        16          0          0          0          0         68   exit.o
         6          0          0          0          0        136   heapauxi.o
         0          0          0          0          0          0   indicate_semi.o
         2          0          0          0          0          0   libinit.o
         2          0          0          0          0          0   libinit2.o
         2          0          0          0          0          0   libshutdown.o
         2          0          0          0          0          0   libshutdown2.o
         8          4          0          0         96         68   libspace.o
        28          6          0          0          0         84   noretval__2printf.o
        64          0          0          0          0        108   rt_memclr.o
       186          0          0          0          0        144   rt_memcpy.o
         2          0          0          0          0          0   rtexit.o
        10          0          0          0          0          0   rtexit2.o
        12          4          0          0          0         60   sys_exit.o
        62          0          0          0          0         80   sys_stackheap_outer.o
         2          0          0          0          0         68   use_no_semi.o

    ----------------------------------------------------------------------
      1568         38         40          0        100       1496   Library Totals
         8          0          0          0          4          0   (incl. Padding)

    ----------------------------------------------------------------------

      Code (inc. data)   RO Data    RW Data    ZI Data      Debug   Library Name

      1560         38         40          0         96       1496   c_p.l

    ----------------------------------------------------------------------
      1568         38         40          0        100       1496   Library Totals

    ----------------------------------------------------------------------

==============================================================================


      Code (inc. data)   RO Data    RW Data    ZI Data      Debug   

     13468        740        264        164      12428     143267   Grand Totals
     13468        740        264        164      12428     143267   ELF Image Totals
     13468        740        264        164          0          0   ROM Totals

==============================================================================

    Total RO  Size (Code + RO Data)                13732 (  13.41kB)
    Total RW  Size (RW Data + ZI Data)             12592 (  12.30kB)
    Total ROM Size (Code + RO Data + RW Data)      13896 (  13.57kB)

==============================================================================

